###############################################################################
#
# IAR ELF Linker V7.70.1.11437/W32 for ARM                26/Mar/2018  11:53:51
# Copyright 2007-2016 IAR Systems AB.
#
#    Output file  =  C:\Users\Gianluca\mbedOSdev\pv0\BUILD\Exe\name.out
#    Map file     =  C:\Users\Gianluca\mbedOSdev\pv0\BUILD\List\name.map
#    Command line =  
#        C:\Users\Gianluca\mbedOSdev\pv0\BUILD\Obj\aes.o
#        C:\Users\Gianluca\mbedOSdev\pv0\BUILD\Obj\aesni.o
#        C:\Users\Gianluca\mbedOSdev\pv0\BUILD\Obj\AnalogIn.o
#        C:\Users\Gianluca\mbedOSdev\pv0\BUILD\Obj\arc4.o
#        C:\Users\Gianluca\mbedOSdev\pv0\BUILD\Obj\asn1parse.o
#        C:\Users\Gianluca\mbedOSdev\pv0\BUILD\Obj\asn1write.o
#        C:\Users\Gianluca\mbedOSdev\pv0\BUILD\Obj\ATCmdParser.o
#        C:\Users\Gianluca\mbedOSdev\pv0\BUILD\Obj\base64.o
#        C:\Users\Gianluca\mbedOSdev\pv0\BUILD\Obj\bignum.o
#        C:\Users\Gianluca\mbedOSdev\pv0\BUILD\Obj\BLE.o
#        C:\Users\Gianluca\mbedOSdev\pv0\BUILD\Obj\BLEInstanceBase.o
#        C:\Users\Gianluca\mbedOSdev\pv0\BUILD\Obj\blowfish.o
#        C:\Users\Gianluca\mbedOSdev\pv0\BUILD\Obj\Blue1.o
#        C:\Users\Gianluca\mbedOSdev\pv0\BUILD\Obj\BlueNRG1_adc.o
#        C:\Users\Gianluca\mbedOSdev\pv0\BUILD\Obj\BlueNRG1_dma.o
#        C:\Users\Gianluca\mbedOSdev\pv0\BUILD\Obj\BlueNRG1_flash.o
#        C:\Users\Gianluca\mbedOSdev\pv0\BUILD\Obj\BlueNRG1_gpio.o
#        C:\Users\Gianluca\mbedOSdev\pv0\BUILD\Obj\BlueNRG1_i2c.o
#        C:\Users\Gianluca\mbedOSdev\pv0\BUILD\Obj\BlueNRG1_it.o
#        C:\Users\Gianluca\mbedOSdev\pv0\BUILD\Obj\BlueNRG1_mft.o
#        C:\Users\Gianluca\mbedOSdev\pv0\BUILD\Obj\BlueNRG1_pka.o
#        C:\Users\Gianluca\mbedOSdev\pv0\BUILD\Obj\BlueNRG1_rng.o
#        C:\Users\Gianluca\mbedOSdev\pv0\BUILD\Obj\BlueNRG1_rtc.o
#        C:\Users\Gianluca\mbedOSdev\pv0\BUILD\Obj\BlueNRG1_sleep.o
#        C:\Users\Gianluca\mbedOSdev\pv0\BUILD\Obj\BlueNRG1_spi.o
#        C:\Users\Gianluca\mbedOSdev\pv0\BUILD\Obj\BlueNRG1_sysCtrl.o
#        C:\Users\Gianluca\mbedOSdev\pv0\BUILD\Obj\BlueNRG1_uart.o
#        C:\Users\Gianluca\mbedOSdev\pv0\BUILD\Obj\BlueNRG1_wdg.o
#        C:\Users\Gianluca\mbedOSdev\pv0\BUILD\Obj\BusIn.o
#        C:\Users\Gianluca\mbedOSdev\pv0\BUILD\Obj\BusInOut.o
#        C:\Users\Gianluca\mbedOSdev\pv0\BUILD\Obj\BusOut.o
#        C:\Users\Gianluca\mbedOSdev\pv0\BUILD\Obj\CallChain.o
#        C:\Users\Gianluca\mbedOSdev\pv0\BUILD\Obj\camellia.o
#        C:\Users\Gianluca\mbedOSdev\pv0\BUILD\Obj\CAN.o
#        C:\Users\Gianluca\mbedOSdev\pv0\BUILD\Obj\ccm.o
#        C:\Users\Gianluca\mbedOSdev\pv0\BUILD\Obj\ccsbcs.o
#        C:\Users\Gianluca\mbedOSdev\pv0\BUILD\Obj\certs.o
#        C:\Users\Gianluca\mbedOSdev\pv0\BUILD\Obj\ChainingBlockDevice.o
#        C:\Users\Gianluca\mbedOSdev\pv0\BUILD\Obj\cipher.o
#        C:\Users\Gianluca\mbedOSdev\pv0\BUILD\Obj\cipher_wrap.o
#        C:\Users\Gianluca\mbedOSdev\pv0\BUILD\Obj\clock.o
#        C:\Users\Gianluca\mbedOSdev\pv0\BUILD\Obj\cmac.o
#        C:\Users\Gianluca\mbedOSdev\pv0\BUILD\Obj\cmain.o
#        C:\Users\Gianluca\mbedOSdev\pv0\BUILD\Obj\cmsis_nvic.o
#        C:\Users\Gianluca\mbedOSdev\pv0\BUILD\Obj\cmsis_os1.o
#        C:\Users\Gianluca\mbedOSdev\pv0\BUILD\Obj\ConditionVariable.o
#        C:\Users\Gianluca\mbedOSdev\pv0\BUILD\Obj\context_switch.o
#        C:\Users\Gianluca\mbedOSdev\pv0\BUILD\Obj\ctr_drbg.o
#        C:\Users\Gianluca\mbedOSdev\pv0\BUILD\Obj\debug.o
#        C:\Users\Gianluca\mbedOSdev\pv0\BUILD\Obj\des.o
#        C:\Users\Gianluca\mbedOSdev\pv0\BUILD\Obj\DFUService.o
#        C:\Users\Gianluca\mbedOSdev\pv0\BUILD\Obj\dhm.o
#        C:\Users\Gianluca\mbedOSdev\pv0\BUILD\Obj\Dir.o
#        C:\Users\Gianluca\mbedOSdev\pv0\BUILD\Obj\DiscoveredCharacteristic.o
#        C:\Users\Gianluca\mbedOSdev\pv0\BUILD\Obj\ecdh.o
#        C:\Users\Gianluca\mbedOSdev\pv0\BUILD\Obj\ecdsa.o
#        C:\Users\Gianluca\mbedOSdev\pv0\BUILD\Obj\ecjpake.o
#        C:\Users\Gianluca\mbedOSdev\pv0\BUILD\Obj\ecp.o
#        C:\Users\Gianluca\mbedOSdev\pv0\BUILD\Obj\ecp_curves.o
#        C:\Users\Gianluca\mbedOSdev\pv0\BUILD\Obj\entropy.o
#        C:\Users\Gianluca\mbedOSdev\pv0\BUILD\Obj\entropy_poll.o
#        C:\Users\Gianluca\mbedOSdev\pv0\BUILD\Obj\equeue.o
#        C:\Users\Gianluca\mbedOSdev\pv0\BUILD\Obj\equeue_mbed.o
#        C:\Users\Gianluca\mbedOSdev\pv0\BUILD\Obj\equeue_posix.o
#        C:\Users\Gianluca\mbedOSdev\pv0\BUILD\Obj\error.o
#        C:\Users\Gianluca\mbedOSdev\pv0\BUILD\Obj\Ethernet.o
#        C:\Users\Gianluca\mbedOSdev\pv0\BUILD\Obj\EventFlags.o
#        C:\Users\Gianluca\mbedOSdev\pv0\BUILD\Obj\EventQueue.o
#        C:\Users\Gianluca\mbedOSdev\pv0\BUILD\Obj\FATFileSystem.o
#        C:\Users\Gianluca\mbedOSdev\pv0\BUILD\Obj\ff.o
#        C:\Users\Gianluca\mbedOSdev\pv0\BUILD\Obj\File.o
#        C:\Users\Gianluca\mbedOSdev\pv0\BUILD\Obj\FileBase.o
#        C:\Users\Gianluca\mbedOSdev\pv0\BUILD\Obj\FileHandle.o
#        C:\Users\Gianluca\mbedOSdev\pv0\BUILD\Obj\FilePath.o
#        C:\Users\Gianluca\mbedOSdev\pv0\BUILD\Obj\FileSystem.o
#        C:\Users\Gianluca\mbedOSdev\pv0\BUILD\Obj\FileSystemHandle.o
#        C:\Users\Gianluca\mbedOSdev\pv0\BUILD\Obj\FlashIAP.o
#        C:\Users\Gianluca\mbedOSdev\pv0\BUILD\Obj\GapScanningParams.o
#        C:\Users\Gianluca\mbedOSdev\pv0\BUILD\Obj\gatt_db.o
#        C:\Users\Gianluca\mbedOSdev\pv0\BUILD\Obj\gcm.o
#        C:\Users\Gianluca\mbedOSdev\pv0\BUILD\Obj\GenericGattClient.o
#        C:\Users\Gianluca\mbedOSdev\pv0\BUILD\Obj\gp_timer.o
#        C:\Users\Gianluca\mbedOSdev\pv0\BUILD\Obj\gpio_api.o
#        C:\Users\Gianluca\mbedOSdev\pv0\BUILD\Obj\havege.o
#        C:\Users\Gianluca\mbedOSdev\pv0\BUILD\Obj\HeapBlockDevice.o
#        C:\Users\Gianluca\mbedOSdev\pv0\BUILD\Obj\hmac_drbg.o
#        C:\Users\Gianluca\mbedOSdev\pv0\BUILD\Obj\I2C.o
#        C:\Users\Gianluca\mbedOSdev\pv0\BUILD\Obj\I2CSlave.o
#        C:\Users\Gianluca\mbedOSdev\pv0\BUILD\Obj\InterruptIn.o
#        C:\Users\Gianluca\mbedOSdev\pv0\BUILD\Obj\InterruptManager.o
#        C:\Users\Gianluca\mbedOSdev\pv0\BUILD\Obj\irq_cm0.o
#        C:\Users\Gianluca\mbedOSdev\pv0\BLUE1\Bluetooth_LE\library\libbluenrg1_stack.a
#        C:\Users\Gianluca\mbedOSdev\pv0\BUILD\Obj\LocalFileSystem.o
#        C:\Users\Gianluca\mbedOSdev\pv0\BUILD\Obj\main.o
#        C:\Users\Gianluca\mbedOSdev\pv0\BUILD\Obj\mbed_alloc_wrappers.o
#        C:\Users\Gianluca\mbedOSdev\pv0\BUILD\Obj\mbed_application.o
#        C:\Users\Gianluca\mbedOSdev\pv0\BUILD\Obj\mbed_assert.o
#        C:\Users\Gianluca\mbedOSdev\pv0\BUILD\Obj\mbed_board.o
#        C:\Users\Gianluca\mbedOSdev\pv0\BUILD\Obj\mbed_boot.o
#        C:\Users\Gianluca\mbedOSdev\pv0\BUILD\Obj\mbed_critical.o
#        C:\Users\Gianluca\mbedOSdev\pv0\BUILD\Obj\mbed_error.o
#        C:\Users\Gianluca\mbedOSdev\pv0\BUILD\Obj\mbed_flash_api.o
#        C:\Users\Gianluca\mbedOSdev\pv0\BUILD\Obj\mbed_gpio.o
#        C:\Users\Gianluca\mbedOSdev\pv0\BUILD\Obj\mbed_interface.o
#        C:\Users\Gianluca\mbedOSdev\pv0\BUILD\Obj\mbed_lp_ticker_api.o
#        C:\Users\Gianluca\mbedOSdev\pv0\BUILD\Obj\mbed_mem_trace.o
#        C:\Users\Gianluca\mbedOSdev\pv0\BUILD\Obj\mbed_mktime.o
#        C:\Users\Gianluca\mbedOSdev\pv0\BUILD\Obj\mbed_overrides.o
#        C:\Users\Gianluca\mbedOSdev\pv0\BUILD\Obj\mbed_pinmap_common.o
#        C:\Users\Gianluca\mbedOSdev\pv0\BUILD\Obj\mbed_poll.o
#        C:\Users\Gianluca\mbedOSdev\pv0\BUILD\Obj\mbed_retarget.o
#        C:\Users\Gianluca\mbedOSdev\pv0\BUILD\Obj\mbed_rtc_time.o
#        C:\Users\Gianluca\mbedOSdev\pv0\BUILD\Obj\mbed_rtx_handlers.o
#        C:\Users\Gianluca\mbedOSdev\pv0\BUILD\Obj\mbed_rtx_idle.o
#        C:\Users\Gianluca\mbedOSdev\pv0\BUILD\Obj\mbed_sdk_boot.o
#        C:\Users\Gianluca\mbedOSdev\pv0\BUILD\Obj\mbed_semihost_api.o
#        C:\Users\Gianluca\mbedOSdev\pv0\BUILD\Obj\mbed_shared_queues.o
#        C:\Users\Gianluca\mbedOSdev\pv0\BUILD\Obj\mbed_sleep_manager.o
#        C:\Users\Gianluca\mbedOSdev\pv0\BUILD\Obj\mbed_stats.o
#        C:\Users\Gianluca\mbedOSdev\pv0\BUILD\Obj\mbed_ticker_api.o
#        C:\Users\Gianluca\mbedOSdev\pv0\BUILD\Obj\mbed_trng.o
#        C:\Users\Gianluca\mbedOSdev\pv0\BUILD\Obj\mbed_us_ticker_api.o
#        C:\Users\Gianluca\mbedOSdev\pv0\BUILD\Obj\mbed_wait_api_no_rtos.o
#        C:\Users\Gianluca\mbedOSdev\pv0\BUILD\Obj\mbed_wait_api_rtos.o
#        C:\Users\Gianluca\mbedOSdev\pv0\BUILD\Obj\MBRBlockDevice.o
#        C:\Users\Gianluca\mbedOSdev\pv0\BUILD\Obj\md.o
#        C:\Users\Gianluca\mbedOSdev\pv0\BUILD\Obj\md2.o
#        C:\Users\Gianluca\mbedOSdev\pv0\BUILD\Obj\md4.o
#        C:\Users\Gianluca\mbedOSdev\pv0\BUILD\Obj\md5.o
#        C:\Users\Gianluca\mbedOSdev\pv0\BUILD\Obj\md_wrap.o
#        C:\Users\Gianluca\mbedOSdev\pv0\BUILD\Obj\memory_buffer_alloc.o
#        C:\Users\Gianluca\mbedOSdev\pv0\BUILD\Obj\misc.o
#        C:\Users\Gianluca\mbedOSdev\pv0\BUILD\Obj\Mutex.o
#        C:\Users\Gianluca\mbedOSdev\pv0\BUILD\Obj\net_sockets.o
#        C:\Users\Gianluca\mbedOSdev\pv0\BUILD\Obj\oid.o
#        C:\Users\Gianluca\mbedOSdev\pv0\BUILD\Obj\os_systick.o
#        C:\Users\Gianluca\mbedOSdev\pv0\BUILD\Obj\os_tick_ptim.o
#        C:\Users\Gianluca\mbedOSdev\pv0\BUILD\Obj\osal.o
#        C:\Users\Gianluca\mbedOSdev\pv0\BUILD\Obj\padlock.o
#        C:\Users\Gianluca\mbedOSdev\pv0\BUILD\Obj\pem.o
#        C:\Users\Gianluca\mbedOSdev\pv0\BUILD\Obj\pin_device.o
#        C:\Users\Gianluca\mbedOSdev\pv0\BUILD\Obj\pinmap.o
#        C:\Users\Gianluca\mbedOSdev\pv0\BUILD\Obj\pk.o
#        C:\Users\Gianluca\mbedOSdev\pv0\BUILD\Obj\pk_wrap.o
#        C:\Users\Gianluca\mbedOSdev\pv0\BUILD\Obj\pkcs11.o
#        C:\Users\Gianluca\mbedOSdev\pv0\BUILD\Obj\pkcs12.o
#        C:\Users\Gianluca\mbedOSdev\pv0\BUILD\Obj\pkcs5.o
#        C:\Users\Gianluca\mbedOSdev\pv0\BUILD\Obj\pkparse.o
#        C:\Users\Gianluca\mbedOSdev\pv0\BUILD\Obj\pkwrite.o
#        C:\Users\Gianluca\mbedOSdev\pv0\BUILD\Obj\platform.o
#        C:\Users\Gianluca\mbedOSdev\pv0\BUILD\Obj\ProfilingBlockDevice.o
#        C:\Users\Gianluca\mbedOSdev\pv0\BUILD\Obj\RawSerial.o
#        C:\Users\Gianluca\mbedOSdev\pv0\BUILD\Obj\ripemd160.o
#        C:\Users\Gianluca\mbedOSdev\pv0\BUILD\Obj\rsa.o
#        C:\Users\Gianluca\mbedOSdev\pv0\BUILD\Obj\rt_OsEventObserver.o
#        C:\Users\Gianluca\mbedOSdev\pv0\BUILD\Obj\RtosTimer.o
#        C:\Users\Gianluca\mbedOSdev\pv0\BUILD\Obj\RTX_Config.o
#        C:\Users\Gianluca\mbedOSdev\pv0\BUILD\Obj\rtx_delay.o
#        C:\Users\Gianluca\mbedOSdev\pv0\BUILD\Obj\rtx_evflags.o
#        C:\Users\Gianluca\mbedOSdev\pv0\BUILD\Obj\rtx_evr.o
#        C:\Users\Gianluca\mbedOSdev\pv0\BUILD\Obj\rtx_kernel.o
#        C:\Users\Gianluca\mbedOSdev\pv0\BUILD\Obj\rtx_lib.o
#        C:\Users\Gianluca\mbedOSdev\pv0\BUILD\Obj\rtx_memory.o
#        C:\Users\Gianluca\mbedOSdev\pv0\BUILD\Obj\rtx_mempool.o
#        C:\Users\Gianluca\mbedOSdev\pv0\BUILD\Obj\rtx_msgqueue.o
#        C:\Users\Gianluca\mbedOSdev\pv0\BUILD\Obj\rtx_mutex.o
#        C:\Users\Gianluca\mbedOSdev\pv0\BUILD\Obj\rtx_semaphore.o
#        C:\Users\Gianluca\mbedOSdev\pv0\BUILD\Obj\rtx_system.o
#        C:\Users\Gianluca\mbedOSdev\pv0\BUILD\Obj\rtx_thread.o
#        C:\Users\Gianluca\mbedOSdev\pv0\BUILD\Obj\rtx_timer.o
#        C:\Users\Gianluca\mbedOSdev\pv0\BUILD\Obj\Semaphore.o
#        C:\Users\Gianluca\mbedOSdev\pv0\BUILD\Obj\Serial.o
#        C:\Users\Gianluca\mbedOSdev\pv0\BUILD\Obj\serial_api.o
#        C:\Users\Gianluca\mbedOSdev\pv0\BUILD\Obj\SerialBase.o
#        C:\Users\Gianluca\mbedOSdev\pv0\BUILD\Obj\sha1.o
#        C:\Users\Gianluca\mbedOSdev\pv0\BUILD\Obj\sha256.o
#        C:\Users\Gianluca\mbedOSdev\pv0\BUILD\Obj\sha512.o
#        C:\Users\Gianluca\mbedOSdev\pv0\BUILD\Obj\SlicingBlockDevice.o
#        C:\Users\Gianluca\mbedOSdev\pv0\BUILD\Obj\SPI.o
#        C:\Users\Gianluca\mbedOSdev\pv0\BUILD\Obj\spi_api.o
#        C:\Users\Gianluca\mbedOSdev\pv0\BUILD\Obj\SPISlave.o
#        C:\Users\Gianluca\mbedOSdev\pv0\BUILD\Obj\ssl_cache.o
#        C:\Users\Gianluca\mbedOSdev\pv0\BUILD\Obj\ssl_ciphersuites.o
#        C:\Users\Gianluca\mbedOSdev\pv0\BUILD\Obj\ssl_cli.o
#        C:\Users\Gianluca\mbedOSdev\pv0\BUILD\Obj\ssl_cookie.o
#        C:\Users\Gianluca\mbedOSdev\pv0\BUILD\Obj\ssl_srv.o
#        C:\Users\Gianluca\mbedOSdev\pv0\BUILD\Obj\ssl_ticket.o
#        C:\Users\Gianluca\mbedOSdev\pv0\BUILD\Obj\ssl_tls.o
#        C:\Users\Gianluca\mbedOSdev\pv0\BUILD\Obj\startup_bluenrg1.o
#        C:\Users\Gianluca\mbedOSdev\pv0\BUILD\Obj\Stream.o
#        C:\Users\Gianluca\mbedOSdev\pv0\BUILD\Obj\system_bluenrg1.o
#        C:\Users\Gianluca\mbedOSdev\pv0\BUILD\Obj\Thread.o
#        C:\Users\Gianluca\mbedOSdev\pv0\BUILD\Obj\threading.o
#        C:\Users\Gianluca\mbedOSdev\pv0\BUILD\Obj\Ticker.o
#        C:\Users\Gianluca\mbedOSdev\pv0\BUILD\Obj\Timeout.o
#        C:\Users\Gianluca\mbedOSdev\pv0\BUILD\Obj\Timer.o
#        C:\Users\Gianluca\mbedOSdev\pv0\BUILD\Obj\TimerEvent.o
#        C:\Users\Gianluca\mbedOSdev\pv0\BUILD\Obj\timing.o
#        C:\Users\Gianluca\mbedOSdev\pv0\BUILD\Obj\UARTSerial.o
#        C:\Users\Gianluca\mbedOSdev\pv0\BUILD\Obj\UARTService.o
#        C:\Users\Gianluca\mbedOSdev\pv0\BUILD\Obj\URIBeaconConfigService.o
#        C:\Users\Gianluca\mbedOSdev\pv0\BUILD\Obj\us_ticker_api.o
#        C:\Users\Gianluca\mbedOSdev\pv0\BUILD\Obj\version.o
#        C:\Users\Gianluca\mbedOSdev\pv0\BUILD\Obj\version_features.o
#        C:\Users\Gianluca\mbedOSdev\pv0\BUILD\Obj\x509.o
#        C:\Users\Gianluca\mbedOSdev\pv0\BUILD\Obj\x509_create.o
#        C:\Users\Gianluca\mbedOSdev\pv0\BUILD\Obj\x509_crl.o
#        C:\Users\Gianluca\mbedOSdev\pv0\BUILD\Obj\x509_crt.o
#        C:\Users\Gianluca\mbedOSdev\pv0\BUILD\Obj\x509_csr.o
#        C:\Users\Gianluca\mbedOSdev\pv0\BUILD\Obj\x509write_crt.o
#        C:\Users\Gianluca\mbedOSdev\pv0\BUILD\Obj\x509write_csr.o
#        C:\Users\Gianluca\mbedOSdev\pv0\BUILD\Obj\xtea.o -o
#        C:\Users\Gianluca\mbedOSdev\pv0\BUILD\Exe\name.out --redirect
#        _Printf=_PrintfLarge --redirect _Scanf=_ScanfFull --map
#        C:\Users\Gianluca\mbedOSdev\pv0\BUILD\List\name.map --config
#        C:\Users\Gianluca\mbedOSdev\pv0\.\mbed-os\targets\TARGET_STMBLUE\TARGET_BLUENRG1\TARGET_STEVAL_IDB007V1\device\TOOLCHAIN_IAR\BLUENRG1.icf
#        --skip_dynamic_initialization --threaded_lib --entry
#        __iar_program_start --no_exceptions --vfe
#
###############################################################################

*******************************************************************************
*** RUNTIME MODEL ATTRIBUTES
***

CppFlavor                     = *
__CPP_Exceptions              = Disabled
__CPP_Language                = C++
__Heap_Handler                = DLMalloc
__SystemLibrary               = DLib
__dlib_dynamic_initialization = postponed
__dlib_has_iterator_debugging = 0


*******************************************************************************
*** PLACEMENT SUMMARY
***

"A0":  place at start of [0x10067000-0x10067fff] {
          block BLOCK_STACKLIB_FLASH_DATA };
"A1":  place at 0x200000c0 { block BLUE };
"A3":  place at start of [0x10040000-0x10066fff] { ro section .intvec };
"A4":  place at 0x20000004 { block ota_sw_activation_block };
"A5":  place at 0x20000008 { block savedMSP_block };
"A6":  place at 0x2000000c { block wakeupFromSleepFlag_block };
"A7":  place at 0x20000010 { block app_base_block };
"A8":  place at 0x20000030 { block Blue_Flag_Ram_block };
"P2":  place in [from 0x10040000 to 0x10066fff] { ro };
"P3":  place in [from 0x200000c0 to 0x20005fff] { rw };
"A10": place at end of [0x200000c0-0x20005fff] { block CSTACK, block HEAP };
initialize by copy { rw };
 { section .bss.__blue_RAM };
 { section .intvec };
 { section .ota_sw_activation };
 { section .savedMSP };
 { section .wakeupFromSleepFlag };
 { section .app_base };
 { section .__blueflag_RAM };

  Section                 Kind        Address     Size  Object
  -------                 ----        -------     ----  ------
"A3":                                             0xc0
  .intvec                 ro code  0x10040000     0xc0  startup_bluenrg1.o [1]
                                 - 0x100400c0     0xc0

"P2":                                          0x1ba14
  i.RAL_Isr               ro code  0x100400c0   0x1714  ll_isr.o [5]
  i.Timer_ExpiryCallback  ro code  0x100417d4     0x14  host_timer.o [5]
  i.Is_Flash_Write_On_Going
                          ro code  0x100417e8     0x10  nvm.o [5]
  i.advance_wakeup_timer  ro code  0x100417f8    0x4d4  advance_wakeup_time.o [5]
  i.get_scan_addr         ro code  0x10041ccc     0x2e  rom_ll_isr_routines.o [5]
  .text                   ro code  0x10041cfa      0xa  Ticker.o [1]
  i.PRIV_u32ProcessAdvPacket
                          ro code  0x10041d04    0x698  ll_privacy.o [5]
  i.get_adv_addr          ro code  0x1004239c     0x2c  rom_ll_isr_routines.o [5]
  i.PRIV_SearchAddrInWhiteList
                          ro code  0x100423c8     0x48  ll_privacy.o [5]
  i.go_to_connect         ro code  0x10042410    0x278  rom_ll_isr_routines.o [5]
  i.cancel_current_master
                          ro code  0x10042688    0x19c  multi_master_time.o [5]
  i.machine_time_trans    ro code  0x10042824     0x20  rom_ll_timehandling.o [5]
  i.unpack_update_request
                          ro code  0x10042844     0x46  rom_ll_isr_routines.o [5]
  i.unpack_channel_map    ro code  0x1004288a     0x38  rom_ll_isr_routines.o [5]
  i.char_copy             ro code  0x100428c2     0x12  hal.o [5]
  i.LL_receive_data_patch
                          ro code  0x100428d4     0xc4  isr_routines.o [5]
  i.isr_postproc1         ro code  0x10042998    0x14c  rom_ll_isr_postproc.o [5]
  i.LL_update_proc        ro code  0x10042ae4     0x58  rom_ll_isr_routines.o [5]
  i.modulo_37             ro code  0x10042b3c     0x18  rom_ll_routines_support.o [5]
  i.advance_slave_timing_MultiSlave
                          ro code  0x10042b54    0x438  multi_master_time.o [5]
  i.set_string            ro code  0x10042f8c     0x10  hal.o [5]
  i.go_to_connect_master  ro code  0x10042f9c    0x198  isr_routines.o [5]
  i.system_time_trans     ro code  0x10043134      0xa  rom_ll_timehandling.o [5]
  i.isr_postproc_encrypt_data
                          ro code  0x1004313e     0x16  rom_ll_isr_postproc.o [5]
  i.anchor_replace        ro code  0x10043154     0x50  multi_master_time.o [5]
  i.read_rssi             ro code  0x100431a4     0x70  ll_routines.o [5]
  i.isr_event_handler_patched
                          ro code  0x10043214    0x8bc  ll_routines_master.o [5]
  i.isr_postproc          ro code  0x10043ad0    0x14c  isr_postproc.o [5]
  i.cancel_master         ro code  0x10043c1c    0x100  rom_ll_isr_routines.o [5]
  .text                   ro code  0x10043d1c     0xe0  I32DivModFast.o [7]
  i.cancel_slave          ro code  0x10043dfc     0x98  isr_routines.o [5]
  i.Hal_Get_Random_Number
                          ro code  0x10043e94     0x28  hal.o [5]
  i.LL_Sleep_Req          ro code  0x10043ebc     0x54  rom_ll_routines_support.o [5]
  i.LL_Update_Advertising_Buffers
                          ro code  0x10043f10     0x44  rom_ll_ll_routines.o [5]
  i.LL_Update_Scanning_Initiating_Buffers
                          ro code  0x10043f54     0x40  rom_ll_ll_routines.o [5]
  .text                   ro code  0x10043f94     0x16  uread4.o [7]
  .text                   ro code  0x10043faa      0x2  SPI.o [1]
  i.PRIV_u8ResolvePrivateAddress
                          ro code  0x10043fac     0xf0  ll_privacy.o [5]
  .text                   ro code  0x1004409c     0x28  osal.o [1]
  i.timebase_start_connect
                          ro code  0x100440c4     0x40  multi_master_time.o [5]
  i.is_slave              ro code  0x10044104     0x34  multi_master_time.o [5]
  i.swap_char             ro code  0x10044138      0xa  multi_master_time.o [5]
  i.swap_short_int        ro code  0x10044142      0xa  multi_master_time.o [5]
  i.set_sca               ro code  0x1004414c     0x20  rom_ll_timehandling.o [5]
  i.WindowWiden1          ro code  0x1004416c      0xa  rom_ll_timehandling.o [5]
  i.time_offset1          ro code  0x10044176      0xe  rom_ll_timehandling.o [5]
  i.WindowWiden2          ro code  0x10044184     0x10  rom_ll_timehandling.o [5]
  i.time_offset2          ro code  0x10044194     0x10  rom_ll_timehandling.o [5]
  i.microseconds_to_machine_time
                          ro code  0x100441a4      0x8  routines_support.o [5]
  i.system_time_trans_ext
                          ro code  0x100441ac     0x2c  rom_ll_timehandling.o [5]
  i.encrypt               ro code  0x100441d8     0x88  rom_ll_routines_support.o [5]
  i.hci_le_enhanced_connection_complete_event_push
                          ro code  0x10044260     0x90  ll_routines_master.o [5]
  i.hci_le_connection_complete_event_push
                          ro code  0x100442f0     0x78  ll_routines_master.o [5]
  i.hci_encryption_key_refresh_complete_event_push
                          ro code  0x10044368     0x48  ll_routines_master.o [5]
  i.hci_encryption_change_event_push
                          ro code  0x100443b0     0x4c  ll_routines_master.o [5]
  i.Acl_Tx_Cmpl_Pkt_Handler
                          ro code  0x100443fc     0x1e  acl.o [5]
  .text                   ro code  0x1004441a      0x2  startup_bluenrg1.o [1]
  i.aci_event_fifo_push_header
                          ro code  0x1004441c     0xc8  aci_events.o [5]
  i.aci_event_fifo_push   ro code  0x100444e4     0x28  aci_events.o [5]
  i.hci_le_connection_update_complete_event_push
                          ro code  0x1004450c     0x58  ll_routines_master.o [5]
  i.hci_le_direct_advertising_report_event_push
                          ro code  0x10044564     0x74  ll_routines_master.o [5]
  i.hci_le_advertising_report_event_push
                          ro code  0x100445d8     0x80  ll_routines_master.o [5]
  i.Reclassify_All_Channels
                          ro code  0x10044658     0xc0  ll_routines_master.o [5]
  i.Acl_Rcv_Pkt_Handler   ro code  0x10044718     0x1e  acl.o [5]
  i.Hal_Get_Random_Number32
                          ro code  0x10044736     0x12  hal.o [5]
  .text                   ro code  0x10044748      0x2  IntDivZer.o [7]
  .text                   ro code  0x1004474a      0x2  startup_bluenrg1.o [1]
  i.PRIVWHIT_u8SearchAddrInList
                          ro code  0x1004474c     0xa0  ll_privacy.o [5]
  i.LL_Encrypt_Plain_Data
                          ro code  0x100447ec     0x54  ll_routines_support.o [5]
  i.PRIVWHIT_u8AddAddrInList
                          ro code  0x10044840    0x1d8  ll_privacy.o [5]
  i.PRIVWHIT_u8RemoveAddrInList
                          ro code  0x10044a18     0xc8  ll_privacy.o [5]
  .text                   ro code  0x10044ae0     0x5c  ABImemcpy.o [7]
  .text                   ro code  0x10044b3c     0x58  ABImemset.o [7]
  .text                   ro code  0x10044b94     0x28  memcmp.o [7]
  i.fifoBuf_getFreeHeader
                          ro code  0x10044bbc     0x6a  aci_events.o [5]
  i.AES128ECB_Wrapper     ro code  0x10044c26     0x7e  aes128cmac.o [5]
  i.AES_keyschedule_enc   ro code  0x10044ca4     0x36  crypto.o [5]
  .text                   ro code  0x10044cda      0x2  startup_bluenrg1.o [1]
  i.AES_general_SW_enc    ro code  0x10044cdc    0x268  crypto.o [5]
  i.AES_keyschedule_enc_LL
                          ro code  0x10044f44    0x15c  crypto.o [5]
  .text                   ro code  0x100450a0   0x16b8  dlmalloc.o [3]
  .text                   ro code  0x10046758      0xa  abort.o [3]
  .text                   ro code  0x10046762      0x2  startup_bluenrg1.o [1]
  .text                   ro code  0x10046764     0x2c  xgetmemchunk.o [3]
  .text                   ro code  0x10046790     0x3c  xsyslock.o [3]
  .text                   ro code  0x100467cc      0xc  XXexit.o [7]
  .text                   ro code  0x100467d8    0x164  xsyslock_mtx.o [3]
  .text                   ro code  0x1004693c    0x23a  mbed_boot.o [1]
  .text                   ro code  0x10046b76      0x2  startup_bluenrg1.o [1]
  .text                   ro code  0x10046b78    0x894  rtx_thread.o [1]
  .text                   ro code  0x1004740c     0x28  mbed_error.o [1]
  .text                   ro code  0x10047434    0x348  rtx_kernel.o [1]
  .text                   ro code  0x1004777c    0x420  rtx_mutex.o [1]
  .text                   ro code  0x10047b9c     0x1c  dynamic_init.o [7]
  .text                   ro code  0x10047bb8     0xd8  main.o [1]
  .text                   ro code  0x10047c90      0x4  low_level_init.o [3]
  .text                   ro code  0x10047c94     0x28  data_init.o [7]
  .text                   ro code  0x10047cbc      0x2  mbed_overrides.o [1]
  .text                   ro code  0x10047cbe      0x2  rtx_evr.o [1]
  .text                   ro code  0x10047cc0      0x2  rtx_evr.o [1]
  .text                   ro code  0x10047cc2      0x2  rtx_evr.o [1]
  .text                   ro code  0x10047cc4      0x2  rtx_evr.o [1]
  .text                   ro code  0x10047cc6      0x2  rtx_evr.o [1]
  .text                   ro code  0x10047cc8      0x2  rtx_evr.o [1]
  .text                   ro code  0x10047cca      0x2  rtx_evr.o [1]
  .text                   ro code  0x10047ccc      0x2  rtx_evr.o [1]
  .text                   ro code  0x10047cce      0x2  rtx_evr.o [1]
  .text                   ro code  0x10047cd0      0x2  rtx_evr.o [1]
  .text                   ro code  0x10047cd2      0x2  rtx_evr.o [1]
  .text                   ro code  0x10047cd4      0x2  rtx_evr.o [1]
  .text                   ro code  0x10047cd6      0x2  startup_bluenrg1.o [1]
  .text                   ro code  0x10047cd8    0x310  mbed_rtx_handlers.o [1]
  .text                   ro code  0x10047fe8     0xcc  rtx_mempool.o [1]
  .text                   ro code  0x100480b4     0x70  rtx_memory.o [1]
  .text                   ro code  0x10048124     0x4e  rtx_memory.o [1]
  .text                   ro code  0x10048172      0x2  rtx_evr.o [1]
  .text                   ro code  0x10048174      0x2  rtx_evr.o [1]
  .text                   ro code  0x10048176      0x2  rtx_evr.o [1]
  .text                   ro code  0x10048178      0x2  rtx_evr.o [1]
  .text                   ro code  0x1004817a      0x2  rtx_evr.o [1]
  .text                   ro code  0x1004817c      0x2  rtx_evr.o [1]
  .text                   ro code  0x1004817e      0x2  startup_bluenrg1.o [1]
  .text                   ro code  0x10048180     0x64  mbed_board.o [1]
  .text                   ro code  0x100481e4    0x424  mbed_retarget.o [1]
  .text                   ro code  0x10048608     0x3e  rtx_memory.o [1]
  .text                   ro code  0x10048646      0x2  rtx_evr.o [1]
  .text                   ro code  0x10048648      0x2  rtx_evr.o [1]
  .text                   ro code  0x1004864a      0x2  startup_bluenrg1.o [1]
  .text                   ro code  0x1004864c     0x4c  os_systick.o [1]
  .text                   ro code  0x10048698      0x6  os_systick.o [1]
  .text                   ro code  0x1004869e      0x2  startup_bluenrg1.o [1]
  .text                   ro code  0x100486a0     0x30  os_systick.o [1]
  .text                   ro code  0x100486d0      0x2  rtx_evr.o [1]
  .text                   ro code  0x100486d2      0x2  rtx_evr.o [1]
  .text                   ro code  0x100486d4      0x2  rtx_evr.o [1]
  .text                   ro code  0x100486d6      0x2  rtx_evr.o [1]
  .text                   ro code  0x100486d8      0x2  rtx_evr.o [1]
  .text                   ro code  0x100486da      0x2  rtx_evr.o [1]
  .text                   ro code  0x100486dc      0x2  rtx_evr.o [1]
  .text                   ro code  0x100486de      0x2  rtx_evr.o [1]
  .text                   ro code  0x100486e0      0x2  rtx_evr.o [1]
  .text                   ro code  0x100486e2      0x2  rtx_evr.o [1]
  .text                   ro code  0x100486e4      0x2  rtx_evr.o [1]
  .text                   ro code  0x100486e6      0x2  rtx_evr.o [1]
  .text                   ro code  0x100486e8      0x2  rtx_evr.o [1]
  .text                   ro code  0x100486ea      0x2  startup_bluenrg1.o [1]
  .text                   ro code  0x100486ec     0xa4  cppinit.o [3]
  .text                   ro code  0x10048790     0x5e  Serial.o [1]
  .text                   ro code  0x100487ee     0x4e  cxxabi.o [4]
  .text                   ro code  0x1004883c     0x3c  mbed_gpio.o [1]
  .text                   ro code  0x10048878    0x138  SPI.o [1]
  .text                   ro code  0x100489b0    0x978  Blue1.o [1]
  .text                   ro code  0x10049328     0x24  mbed_rtx_idle.o [1]
  .text                   ro code  0x1004934c     0x1c  Thread.o [1]
  .text                   ro code  0x10049368      0x2  rtx_evr.o [1]
  .text                   ro code  0x1004936a      0x2  rtx_evr.o [1]
  .text                   ro code  0x1004936c      0x2  rtx_evr.o [1]
  .text                   ro code  0x1004936e      0x2  rtx_evr.o [1]
  .text                   ro code  0x10049370      0x2  rtx_evr.o [1]
  .text                   ro code  0x10049372      0x2  startup_bluenrg1.o [1]
  .text                   ro code  0x10049374     0x74  mbed_critical.o [1]
  .text                   ro code  0x100493e8     0x3c  vsnprint.o [3]
  .text                   ro code  0x10049424    0x114  serial_api.o [1]
  .text                   ro code  0x10049538     0x40  mbed_critical.o [1]
  .text                   ro code  0x10049578     0x50  SPI.o [1]
  .text                   ro code  0x100495c8     0xec  Mutex.o [1]
  .text                   ro code  0x100496b4     0x22  strcmp.o [7]
  .text                   ro code  0x100496d6      0x2  startup_bluenrg1.o [1]
  .text                   ro code  0x100496d8     0x10  errno.o [3]
  .text                   ro code  0x100496e8     0xa4  FilePath.o [1]
  .text                   ro code  0x1004978c     0xf4  mbed_board.o [1]
  .text                   ro code  0x10049880     0xb0  setvbuf.o [3]
  .text                   ro code  0x10049930     0x2a  fopen.o [3]
  .text                   ro code  0x1004995a      0x2  rtx_evr.o [1]
  .text                   ro code  0x1004995c    0x1d4  SerialBase.o [1]
  .text                   ro code  0x10049b30     0xec  Stream.o [1]
  .text                   ro code  0x10049c1c     0x8c  gpio_api.o [1]
  .text                   ro code  0x10049ca8    0x1f0  spi_api.o [1]
  .text                   ro code  0x10049e98     0x24  printf.o [3]
  .text                   ro code  0x10049ebc     0x32  I32ToFlt.o [6]
  .text                   ro code  0x10049eee     0xb0  FltMul.o [6]
  .text                   ro code  0x10049f9e    0x116  FltAddSub.o [6]
  .text                   ro code  0x1004a0b4     0x32  FltToDbl.o [6]
  .text                   ro code  0x1004a0e6      0x2  startup_bluenrg1.o [1]
  i.BlueNRG_Stack_Initialization
                          ro code  0x1004a0e8     0x30  bluenrg_main_func.o [5]
  i.aci_hal_write_config_data
                          ro code  0x1004a118      0x8  bluenrg_hal_aci.o [5]
  i.aci_hal_set_tx_power_level
                          ro code  0x1004a120      0x8  bluenrg_hal_aci.o [5]
  i.aci_gatt_init         ro code  0x1004a128      0x8  bluenrg_gatt_aci.o [5]
  i.aci_gap_init          ro code  0x1004a130     0x30  bluenrg_gap_aci.o [5]
  i.aci_gatt_update_char_value
                          ro code  0x1004a160     0x14  bluenrg_gatt_aci.o [5]
  i.aci_gap_set_authentication_requirement
                          ro code  0x1004a174     0x7c  bluenrg_gap_aci.o [5]
  .text                   ro code  0x1004a1f0    0x430  gatt_db.o [1]
  i.HAL_VTimerStart_ms    ro code  0x1004a620     0x1a  host_timer.o [5]
  i.hci_le_set_scan_response_data
                          ro code  0x1004a63a     0x16  hci.o [5]
  i.aci_gap_set_discoverable
                          ro code  0x1004a650     0x42  bluenrg_gap_aci.o [5]
  .text                   ro code  0x1004a692      0x2  Stream.o [1]
  i.BTLE_StackTick        ro code  0x1004a694     0x8c  bluenrg_main_func.o [5]
  .text                   ro code  0x1004a720     0x34  I32ToDbl.o [6]
  .text                   ro code  0x1004a754    0x184  DblMul.o [6]
  .text                   ro code  0x1004a8d8     0x52  DblToI32.o [6]
  .text                   ro code  0x1004a92a    0x1b4  DblAddSub.o [6]
  .text                   ro code  0x1004aade      0x2  Stream.o [1]
  .text                   ro code  0x1004aae0     0x3a  FltToS32.o [6]
  .text                   ro code  0x1004ab1a      0x4  mbed_sleep_manager.o [1]
  .text                   ro code  0x1004ab1e      0x2  Ticker.o [1]
  .text                   ro code  0x1004ab20     0x4c  rtx_delay.o [1]
  .text                   ro code  0x1004ab6c     0x54  mbed_assert.o [1]
  .text                   ro code  0x1004abc0   0x10de  xprintflarge.o [3]
  i.hci_data_buffer_overflow_event_cb
                          ro code  0x1004bc9e      0x2  aci_events.o [5]
  .text                   ro code  0x1004bca0     0x18  BlueNRG1_sysCtrl.o [1]
  .text                   ro code  0x1004bcb8      0xc  pin_device.o [1]
  .text                   ro code  0x1004bcc4     0xe6  BlueNRG1_gpio.o [1]
  .text                   ro code  0x1004bdac    0x1e0  BlueNRG1_uart.o [1]
  .text                   ro code  0x1004bf8c     0x78  misc.o [1]
  .text                   ro code  0x1004c004      0x2  xtls.o [3]
  .text                   ro code  0x1004c008    0x104  FileBase.o [1]
  .text                   ro code  0x1004c10c     0x52  mbed_wait_api_rtos.o [1]
  .text                   ro code  0x1004c160     0xe8  xfofind.o [3]
  .text                   ro code  0x1004c248    0x12c  xfoprep.o [3]
  .text                   ro code  0x1004c374     0x30  Ticker.o [1]
  .text                   ro code  0x1004c3a4     0x12  SerialBase.o [1]
  .text                   ro code  0x1004c3b6     0x18  Ticker.o [1]
  .text                   ro code  0x1004c3ce     0x1e  SerialBase.o [1]
  .text                   ro code  0x1004c3ec      0x8  FileHandle.o [1]
  .text                   ro code  0x1004c3f4     0x7e  fclose.o [3]
  .text                   ro code  0x1004c474    0x128  BlueNRG1_spi.o [1]
  i.BlueNRG_Stack_Initialize_RAM_check
                          ro code  0x1004c59c     0x64  bluenrg_main_func.o [5]
  i._BlueNRG_Stack_Initialization
                          ro code  0x1004c600     0x94  bluenrg_main_func.o [5]
  i.HAL_Write_ConfigData  ro code  0x1004c694     0x68  hal.o [5]
  i.HAL_Set_TX_Power_Level
                          ro code  0x1004c6fc     0x44  hal.o [5]
  i.Gatt_Server_Init      ro code  0x1004c740    0x190  gatt_server.o [5]
  i.GAP_Init              ro code  0x1004c8d0    0x1f8  gap.o [5]
  i.Gatt_Update_Charac_Value
                          ro code  0x1004cac8     0x64  gatt_server.o [5]
  i.SM_Set_Authentication_req
                          ro code  0x1004cb2c     0x80  sm_common.o [5]
  i.aci_gatt_add_service  ro code  0x1004cbac     0x36  bluenrg_gatt_aci.o [5]
  i.aci_gatt_add_char     ro code  0x1004cbe2     0x3e  bluenrg_gatt_aci.o [5]
  i.aci_gatt_add_char_desc
                          ro code  0x1004cc20     0x50  bluenrg_gatt_aci.o [5]
  i.aci_gatt_allow_read   ro code  0x1004cc70      0xc  bluenrg_gatt_aci.o [5]
  i.HAL_VTimerGetCurrentTime_sysT32
                          ro code  0x1004cc7c     0x12  host_timer.o [5]
  i.HAL_VTimerAcc_sysT32_ms
                          ro code  0x1004cc90     0x24  host_timer.o [5]
  i.HAL_VTimerStart_sysT32
                          ro code  0x1004ccb4     0x1a  host_timer.o [5]
  i.LL_Set_Scan_Resp_Data
                          ro code  0x1004ccd0     0x60  rom_ll_ll_routines.o [5]
  i._aci_gap_set_discoverable_param_check
                          ro code  0x1004cd30     0x6c  bluenrg_gap_aci.o [5]
  i.GAP_Set_Discoverable_Mode
                          ro code  0x1004cd9c     0x38  gap.o [5]
  i.Timer_ProcessQ        ro code  0x1004cdd4    0x144  host_timer.o [5]
  i.hci_acl_Process_Q     ro code  0x1004cf18     0x64  hci.o [5]
  i.Controller_Process_Q  ro code  0x1004cf7c      0xc  hci.o [5]
  i.Events_Process_Q      ro code  0x1004cf88    0x120  aci_events.o [5]
  i.BlueNRG_Stack_Perform_Crystal_Check
                          ro code  0x1004d0a8     0xb8  bluenrg_main_func.o [5]
  i.patch_advance_transmit
                          ro code  0x1004d160     0x44  routines_support.o [5]
  i.GAP_Process_Q         ro code  0x1004d1a4     0x70  gap.o [5]
  i.Gatt_Process_Q        ro code  0x1004d214    0x160  gatt_server.o [5]
  i.SMP_Process_Q         ro code  0x1004d374    0x114  securitymgr.o [5]
  .text                   ro code  0x1004d488      0x2  rtx_evr.o [1]
  .text                   ro code  0x1004d48a     0x1c  xmbtowc.o [3]
  .text                   ro code  0x1004d4a6     0x14  strchr.o [7]
  .text                   ro code  0x1004d4ba     0x10  strlen.o [7]
  .text                   ro code  0x1004d4ca     0x18  memchr.o [7]
  .text                   ro code  0x1004d4e2      0xa  xmbcurmax.o [3]
  .text                   ro code  0x1004d4ec     0x18  xwctomb.o [3]
  .text                   ro code  0x1004d504     0x6a  I64DivMod.o [7]
  .text                   ro code  0x1004d56e     0x32  DblCmpLe.o [6]
  .text                   ro code  0x1004d5a0     0xc2  DblDiv.o [6]
  .text                   ro code  0x1004d664     0x68  localeconv.o [3]
  .text                   ro code  0x1004d6cc     0x20  div.o [3]
  .text                   ro code  0x1004d6ec     0x2c  strncmp.o [3]
  .text                   ro code  0x1004d718      0xc  mbed_us_ticker_api.o [1]
  .text                   ro code  0x1004d724    0x31c  mbed_ticker_api.o [1]
  .text                   ro code  0x1004da40     0x60  xfopen.o [3]
  .text                   ro code  0x1004daa0     0xb4  fflush.o [3]
  i.Dynamic_allocator     ro code  0x1004db54    0x270  mem_alloc.o [5]
  i.Dynamic_allocator_noRet
                          ro code  0x1004ddc4      0x2  mem_alloc.o [5]
  i.BlueNRG_Stack_Initialize_RAM
                          ro code  0x1004ddc8     0x2c  bluenrg_main_func.o [5]
  .text                   ro code  0x1004ddf4     0xf4  BlueNRG1_pka.o [1]
  i.BlueNRG_Stack_Initialize_ConfigData
                          ro code  0x1004dee8     0x48  bluenrg_main_func.o [5]
  i.BlueNRG_Stack_Initialize_Layers
                          ro code  0x1004df30     0x8c  bluenrg_main_func.o [5]
  i.PRIVWHIT_vInit_Struct
                          ro code  0x1004dfbc     0x78  ll_privacy.o [5]
  i.SMP_Force_SC_Debug_Key_Usage
                          ro code  0x1004e034     0x20  smp_scv42_isap.o [5]
  i.acl_list_init         ro code  0x1004e054     0x12  acl_list.o [5]
  i.List_Circular_Insert_Tail
                          ro code  0x1004e066      0xe  rom_list.o [5]
  i.GATT_Server_Set_Flag  ro code  0x1004e074     0x14  gatt_server.o [5]
  i.Gatt_Add_Service      ro code  0x1004e088    0x150  gatt_server.o [5]
  i.Gatt_Add_Characteristic
                          ro code  0x1004e1d8    0x330  gatt_server.o [5]
  i.IDD_Initialize_Device_IDs
                          ro code  0x1004e508    0x12c  device_id_data.o [5]
  i.Get_StaticRandAddr    ro code  0x1004e634     0x14  rom_gap_rom.o [5]
  i.LL_LE_Set_Resolvable_Private_Address_Timeout
                          ro code  0x1004e648     0x1c  ll_privacy.o [5]
  i.hci_le_set_event_mask
                          ro code  0x1004e664     0x24  hci.o [5]
  i.LL_SetAddressResolutionEnable
                          ro code  0x1004e688      0x8  routines_support.o [5]
  i.Search_Service_Handle
                          ro code  0x1004e690     0x28  gatt_server.o [5]
  i.Search_Handle         ro code  0x1004e6b8     0x1e  rom_gatt_server.o [5]
  i.Gatt_Update_Charac_Value_Ext
                          ro code  0x1004e6d8    0x308  gatt_server.o [5]
  i._load_uuid            ro code  0x1004e9e0     0x26  bluenrg_gatt_aci.o [5]
  i.Gatt_Add_Charac_Desc  ro code  0x1004ea08    0x15c  gatt_server.o [5]
  i.Gatt_Appl_Auth_For_Read
                          ro code  0x1004eb64     0xfc  gatt_server.o [5]
  i.Timer_sysTime32_convMachineTime
                          ro code  0x1004ec60     0x20  host_timer.o [5]
  i.Timer_StartOneShot_sysTime32
                          ro code  0x1004ec80     0x70  host_timer.o [5]
  i._gap_set_discoverable_connectable
                          ro code  0x1004ecf0    0x16c  gap.o [5]
  i.TimerCallback         ro code  0x1004ee5c     0x7c  host_timer.o [5]
  i.List_Circular_Remove_Node
                          ro code  0x1004eed8     0x20  rom_list.o [5]
  i.acl_list_is_empty     ro code  0x1004eef8     0x10  acl_list.o [5]
  i.Acl_Transmit_Data     ro code  0x1004ef08     0x48  acl.o [5]
  i.acl_list_remove       ro code  0x1004ef50     0x20  acl_list.o [5]
  i.PRIV_u8OfflineProcessing
                          ro code  0x1004ef70    0x1f8  ll_privacy.o [5]
  i.PKA_Offline_Processing
                          ro code  0x1004f168     0xbc  hci.o [5]
  i.hci_hardware_error_event
                          ro code  0x1004f224      0x2  aci_events.o [5]
  i.hal_radio_activity_state_callback_check
                          ro code  0x1004f228     0x34  hal.o [5]
  i.BlueNRG_Start_Crystal_Measurement
                          ro code  0x1004f25c     0x1c  bluenrg_main_func.o [5]
  i.set_freq              ro code  0x1004f278     0x7c  rom_ll_timehandling.o [5]
  i.advance_transmit      ro code  0x1004f2f4     0xb8  rom_ll_routines_support.o [5]
  i.Timer_StopOneShot     ro code  0x1004f3ac     0x54  host_timer.o [5]
  i.aci_gap_limited_discoverable_event_push
                          ro code  0x1004f400     0x40  gap.o [5]
  i.Gatt_Read_Charac_By_Uuid
                          ro code  0x1004f440     0x88  gatt_client.o [5]
  i.Gatt_Reset_To_Closed_State
                          ro code  0x1004f4c8     0xc0  gatt_server.o [5]
  i.SMP_Forget_Device_by_ConnHandle
                          ro code  0x1004f588     0x1c  sm_common.o [5]
  i.SMP_Check_Is_Device_Bonded
                          ro code  0x1004f5a4     0x48  sm_common.o [5]
  i.Check_For_Service_Change
                          ro code  0x1004f5ec    0x30c  gatt_server.o [5]
  i.GATT_Clear_Flag       ro code  0x1004f8f8      0x8  rom_att.o [5]
  i.Process_Peer_Server_Data
                          ro code  0x1004f900    0x210  gatt_server.o [5]
  i.Process_Peer_Client_Data
                          ro code  0x1004fb10    0x228  gatt_server.o [5]
  i.acl_list_remove_head  ro code  0x1004fd38     0x20  acl_list.o [5]
  i.L2C_Send_Data         ro code  0x1004fd58     0x2c  l2cap.o [5]
  i.acl_list_insert_tail  ro code  0x1004fd84     0x20  acl_list.o [5]
  i.hci_le_read_local_p256_public_key
                          ro code  0x1004fda4     0x5c  hci.o [5]
  i.sm_Get_Long_Term_Key  ro code  0x1004fe00     0x90  securitymgr.o [5]
  i.LL_Get_LTK            ro code  0x1004fe90     0xd4  ll_routines_support.o [5]
  i.smp_Execute_Actions_wrt_Current_State
                          ro code  0x1004ff64    0x26c  securitymgr.o [5]
  i.SM_Get_Remote_Device_Info
                          ro code  0x100501d0     0x48  sm_common.o [5]
  i.smp_Process_Rx_Packet_wrt_Current_State
                          ro code  0x10050218    0x178  securitymgr.o [5]
  i.smp____Pairing_Process_Abort
                          ro code  0x10050390     0xbc  securitymgr.o [5]
  i.smp_Process_Rx_Packet_Exception_Cases
                          ro code  0x1005044c     0xb4  securitymgr.o [5]
  i.acl_list_insert_head  ro code  0x10050500     0x20  acl_list.o [5]
  i.PM_Release_Pckt       ro code  0x10050520     0x5c  pm.o [5]
  .text                   ro code  0x1005057c     0x14  setlocale.o [3]
  .text                   ro code  0x10050590     0x50  xencoding_sb.o [3]
  .text                   ro code  0x100505e0      0x2  I64DivZer.o [7]
  .text                   ro code  0x100505e4     0x22  I64Shl.o [7]
  .text                   ro code  0x10050608     0x32  I64Mul.o [7]
  i.Mem_assign            ro code  0x1005063a     0x16  mem_alloc.o [5]
  i.mem_alloc_ctx_init    ro code  0x10050650     0xa8  mem_alloc.o [5]
  i.hal_get_hw_version    ro code  0x100506f8     0x20  hal.o [5]
  i.Timer_Init            ro code  0x10050718     0x34  host_timer.o [5]
  i.LL_Init               ro code  0x1005074c    0x180  rom_ll_ll_routines.o [5]
  i.PM_Init               ro code  0x100508cc     0x70  pm.o [5]
  i.Acl_Init              ro code  0x1005093c     0x34  acl.o [5]
  i.L2C_Init              ro code  0x10050970     0x44  l2cap.o [5]
  i.SMP_Init              ro code  0x100509b4     0x70  sm_common.o [5]
  i.GAP_Init_Context      ro code  0x10050a24     0x14  gap.o [5]
  i.HCI_Init              ro code  0x10050a38     0x54  hci.o [5]
  i.HAL_Init              ro code  0x10050a8c     0x18  hal.o [5]
  i.Events_Process_init   ro code  0x10050aa4     0x50  aci_events.o [5]
  i.smp____SC_is_any_other_SC_Pairing_Ongoing
                          ro code  0x10050af4     0x38  smp_scv42_isap.o [5]
  i.smp____SC_initialize  ro code  0x10050b2c     0x58  smp_scv42_isap.o [5]
  i.Gatt_Server_Db_Check  ro code  0x10050b84     0x4c  gatt_server.o [5]
  i.List_Circular_Get_Size
                          ro code  0x10050bd0     0x12  rom_list.o [5]
  i.Ind_Service_Change_Charac
                          ro code  0x10050be4     0x44  gatt_server.o [5]
  i.Get_GAP_Handle        ro code  0x10050c28     0x10  rom_gap_rom.o [5]
  i.GAP_Notify_Add_Charac
                          ro code  0x10050c38     0x98  rom_gap_rom.o [5]
  i.Check_Encry_Key_Size  ro code  0x10050cd0     0x18  rom_gatt_server.o [5]
  i.HAL_Generate_Random_Bytes_To
                          ro code  0x10050ce8     0x20  hal.o [5]
  i.HAL_Flash_Store_Data  ro code  0x10050d08     0x50  hal.o [5]
  .text                   ro code  0x10050d58     0x3c  BlueNRG1_flash.o [1]
  i.is_Buffer_All_Set_To  ro code  0x10050d94     0x1e  utils.o [5]
  i.LL_LE_Set_Address_Resolution_Enable
                          ro code  0x10050db4     0x24  ll_privacy.o [5]
  i.PM_Get_Pckt           ro code  0x10050dd8     0x80  pm.o [5]
  i.PM_Extend_Pckt_Pdu_Size
                          ro code  0x10050e58     0x36  pm.o [5]
  i.Build_Notif_Or_Ind    ro code  0x10050e8e     0x46  gatt_server.o [5]
  i.Send_Notif_Or_Ind     ro code  0x10050ed4     0x7c  gatt_server.o [5]
  i.__ARM_common_switch8  ro code  0x10050f50     0x1a  rom_ll_routines_support.o [5]
  i.Gatt_Add_Descriptor   ro code  0x10050f6c    0x150  gatt_server.o [5]
  i.Find_Gatt_Client      ro code  0x100510bc     0x40  gatt_client.o [5]
  i.acl_list_get_pckt_count
                          ro code  0x100510fc      0x4  acl_list.o [5]
  i.Send_Error_Resp       ro code  0x10051100     0x30  rom_att.o [5]
  i.Read_Resp             ro code  0x10051130    0x146  att.o [5]
  i.Read_Blob_Resp        ro code  0x10051276    0x160  att.o [5]
  i.Read_Multi_Resp       ro code  0x100513d8    0x1a4  att.o [5]
  i.Read_By_Type_Resp     ro code  0x1005157c    0x344  att.o [5]
  i.PM_Set_ConnHandle     ro code  0x100518c0      0xc  pm.o [5]
  i.GATT_Set_Flag         ro code  0x100518cc      0x8  rom_att.o [5]
  i.List_Circular_Remove_Head
                          ro code  0x100518d4     0x1a  rom_list.o [5]
  i.LL_Enable_Disable_Adv
                          ro code  0x100518f0    0x1cc  rom_ll_ll_routines.o [5]
  i.GAP_Privacy1v2        ro code  0x10051abc    0x1c8  rom_gap.o [5]
  i.gapClearAllModeFlags  ro code  0x10051c84     0x14  gap.o [5]
  i.advParamsCheckAndSet  ro code  0x10051c98     0x78  gap.o [5]
  i.setGapAdvData         ro code  0x10051d10    0x100  gap.o [5]
  i.LL_Set_Adv_Params     ro code  0x10051e10    0x2ec  rom_ll_ll_routines.o [5]
  i.GAP_LimDiscTimeoutcb  ro code  0x100520fc     0x2c  gap.o [5]
  i.GAP_PrivateAddrTimercb
                          ro code  0x10052128     0x44  rom_gap.o [5]
  i.GATT_TimeOut_Handler  ro code  0x1005216c     0x1a  gatt_server.o [5]
  i.L2C_SigChan_Req_TimeOut_Handler
                          ro code  0x10052188     0x4c  l2cap.o [5]
  i.SMP_Timer_cb          ro code  0x100521d4     0x50  sm_common.o [5]
  i.SMP_Repeated_Attacks_Timer_cb
                          ro code  0x10052224     0x78  sm_common.o [5]
  i.GAP_DiscProcTimeoutcb
                          ro code  0x1005229c     0x48  gap.o [5]
  i.List_Circular_Node_Present
                          ro code  0x100522e4     0x16  rom_list.o [5]
  i.Acl_Transmit_Packet   ro code  0x100522fa     0x16  acl.o [5]
  i.PM_Get_Fragments_Count
                          ro code  0x10052310     0x12  pm.o [5]
  i.PKA_Get_Current_Operation
                          ro code  0x10052324     0x14  pka.o [5]
  i.hci_le_read_local_p256_public_key_complete_event_push
                          ro code  0x10052338     0x58  hci.o [5]
  i.hci_le_generate_dhkey_complete_event_push
                          ro code  0x10052390     0x54  hci.o [5]
  i.hal_read_radio_activity_state
                          ro code  0x100523e4     0x40  hal.o [5]
  i.Check_Flags           ro code  0x10052424     0x38  gatt_client.o [5]
  i.Att_Send_Read_By_Typ_Req_Pdu
                          ro code  0x1005245c     0x7c  rom_att.o [5]
  i.Gatt_Flush_Pending_AclPacket_Lists
                          ro code  0x100524d8     0x74  gatt_server.o [5]
  i.Gatt_Find_Timed_Out_Connection_Index
                          ro code  0x1005254c     0x38  gatt_server.o [5]
  i.Gatt_Store_Server_Database_And_Reset_CCCD
                          ro code  0x10052584    0x150  gatt_server.o [5]
  i.SDB_Find_Record       ro code  0x100526d4     0xcc  sdb.o [5]
  i.SDB_Read_Peer_Bonded_Data
                          ro code  0x100527a0     0x22  sdb.o [5]
  i.Fetch_Handle          ro code  0x100527c2     0x3c  rom_gatt_server.o [5]
  i.Find_Attr_Index       ro code  0x10052800     0x50  gatt_server.o [5]
  i.Stop_Gatt_Timer       ro code  0x10052850     0x1c  rom_gatt_server.o [5]
  i.Start_Gatt_Timer      ro code  0x1005286c     0x24  rom_gatt_server.o [5]
  i.L2CAP_Get_PDU_Len     ro code  0x10052890      0xe  l2cap.o [5]
  i.PM_Copy_Pckt_Data     ro code  0x1005289e     0x14  pm.o [5]
  i.Exchg_Mtu_Resp        ro code  0x100528b4     0xb4  rom_att.o [5]
  i.Find_Info_Resp        ro code  0x10052968    0x206  rom_att.o [5]
  i.Find_By_Type_Val_Resp
                          ro code  0x10052b70    0x2a0  att.o [5]
  i.Read_By_Grp_Type_Resp
                          ro code  0x10052e10    0x360  att.o [5]
  i.Write_Resp            ro code  0x10053170    0x14a  att.o [5]
  i.Prepare_Write_Resp    ro code  0x100532bc    0x194  att.o [5]
  i.Exec_Write_Resp       ro code  0x10053450    0x258  att.o [5]
  i.Write_Cmd             ro code  0x100536a8    0x132  att.o [5]
  i.PKA_Generate_ECDH_Public_Key
                          ro code  0x100537dc     0xc4  pka.o [5]
  i.SMA_GenEDIV_RecovDIV  ro code  0x100538a0     0x7c  ssm_algo.o [5]
  i.SDB_Find_Matching_LTK
                          ro code  0x1005391c     0xa8  rom_sdb.o [5]
  i.SMA_Diversify         ro code  0x100539c4     0x2e  ssm_algo.o [5]
  i.get_connection_no     ro code  0x100539f4     0x84  multi_master_time.o [5]
  i.smp____MI_PairingConfirm_Receive
                          ro code  0x10053a78     0x56  securitymgr.o [5]
  i.GapIsPrivacySupported
                          ro code  0x10053ad0     0x14  rom_gap.o [5]
  i.SDB_Get_Number_Of_Records
                          ro code  0x10053ae4     0x44  rom_sdb.o [5]
  i.SDB_Get_Data_From_Record
                          ro code  0x10053b28     0xde  sdb.o [5]
  i.smp____SC_submit_ECC_PK_generation_request
                          ro code  0x10053c08     0x1c  smp_scv42_isap.o [5]
  i.smp____SC_PairingPublicKey_Send
                          ro code  0x10053c24     0x68  smp_scv42_isap.o [5]
  i.smp____MI_PairingConfirm_Send
                          ro code  0x10053c8c     0x98  securitymgr.o [5]
  i.smp____SC_Pairing_OOB_Confirm_Receive_and_Verify
                          ro code  0x10053d24     0x90  smp_scv42_isap.o [5]
  i.smp____SR_PairingConfirm_Receive
                          ro code  0x10053db4     0xb0  securitymgr.o [5]
  i.smp____SC_Phase_2AS2_Start
                          ro code  0x10053e64     0xb4  smp_scv42_isap.o [5]
  i.smp____PairingFailed_Send
                          ro code  0x10053f18     0x30  securitymgr.o [5]
  i.smp_Keys_Distribution_Start
                          ro code  0x10053f48     0x36  sm_common.o [5]
  i.smp_Keys_Distribution_Send
                          ro code  0x10053f80    0x12c  securitymgr.o [5]
  i.smp_Pairing_Completed
                          ro code  0x100540ac     0xa8  sm_common.o [5]
  i.smp_Find_Remote_Device_Index
                          ro code  0x10054154     0x40  sm_common.o [5]
  i.smp_Reset_Timer       ro code  0x10054194     0x20  securitymgr.o [5]
  i.smp____SR_PairingRequest_Receive
                          ro code  0x100541b4    0x194  securitymgr.o [5]
  i.smp____MI_SecurityRequest_Receive
                          ro code  0x10054348     0x64  securitymgr.o [5]
  i.smp____SC_PairingPublicKey_Receive
                          ro code  0x100543ac     0x70  smp_scv42_isap.o [5]
  i.smp____SR_PairingRandom_Receive
                          ro code  0x1005441c    0x1a4  securitymgr.o [5]
  i.smp_Receive_Keys      ro code  0x100545c0     0xd2  sm_common.o [5]
  i.smp____MI_PairingResponse_Receive
                          ro code  0x10054694     0x84  securitymgr.o [5]
  i.smp____MI_PairingRandom_Receive
                          ro code  0x10054718    0x1ac  securitymgr.o [5]
  i.smp____SC_Phase_2AS2_DHKeyCheck_Receive
                          ro code  0x100548c4     0x80  smp_scv42_isap.o [5]
  i.sm_RepeatedAttacks_Protection
                          ro code  0x10054944    0x118  securitymgr.o [5]
  i.List_Circular_Insert_Head
                          ro code  0x10054a5c      0xe  rom_list.o [5]
  i.LL_Rcv_ACL_Data       ro code  0x10054a6c     0x30  rom_ll_ll_routines.o [5]
  i.Blue_Init_Global      ro code  0x10054a9c     0x8c  routines_support.o [5]
  i.LL_LE_Clear_White_List
                          ro code  0x10054b28     0x20  ll_privacy.o [5]
  i.nsar_init             ro code  0x10054b48     0x18  multi_master_time.o [5]
  i.PM_Eng_Config         ro code  0x10054b60     0x18  pm.o [5]
  i.hal_radio_activity_state_init
                          ro code  0x10054b78     0x1c  hal.o [5]
  i.fifoCtrl_init         ro code  0x10054b94      0xa  aci_events.o [5]
  i.PM_Get_Available_Fragments
                          ro code  0x10054ba0     0x38  pm.o [5]
  i.Check_Serv_Chng_Charac_Ind_Not
                          ro code  0x10054bd8     0x80  rom_gatt_server.o [5]
  i.GATT_Num_Charac_Present
                          ro code  0x10054c58     0x3a  rom_gatt_server.o [5]
  i.get_advertiser        ro code  0x10054c94     0x48  multi_master_time.o [5]
  i.get_scan_connection   ro code  0x10054cdc     0x48  multi_master_time.o [5]
  i.PM_Write_Pckt_Data    ro code  0x10054d24     0x14  pm.o [5]
  i.PM_Set_Att_Pdu_Length
                          ro code  0x10054d38     0x50  pm.o [5]
  i.Select_Next_Notification_Client
                          ro code  0x10054d88     0x54  gatt_server.o [5]
  i.Gatt_Find_Srv_Owner_Of_Handle
                          ro code  0x10054ddc     0x44  gatt_server.o [5]
  i.ValidLinkPermRequest  ro code  0x10054e20     0x50  att.o [5]
  i.aci_gatt_read_permit_req_event_push
                          ro code  0x10054e70     0x38  att.o [5]
  i.Accu_Handles_Requiring_Auth
                          ro code  0x10054ea8     0x6e  rom_att.o [5]
  i.aci_gatt_read_multi_permit_req_event_push
                          ro code  0x10054f16     0x50  att.o [5]
  i.STORE_LE_16           ro code  0x10054f66      0x8  utils.o [5]
  i.Accu_UuidTypes_Requiring_Auth
                          ro code  0x10054f6e     0xe8  rom_att.o [5]
  i.get_next_free_slot    ro code  0x10055058     0x34  multi_master_time.o [5]
  i.LL_Set_Advertising_Buffers
                          ro code  0x1005508c     0x88  rom_ll_ll_routines.o [5]
  i.schedule_advertise_slot
                          ro code  0x10055114     0x94  multi_master_time.o [5]
  i.LL_Allow_Address_Setting
                          ro code  0x100551a8     0x42  rom_ll_ll_routines.o [5]
  i.LL_Get_AdvAddress     ro code  0x100551ec     0x40  rom_ll_ll_routines.o [5]
  i.LL_Get_ScanAddress    ro code  0x1005522c     0x40  rom_ll_ll_routines.o [5]
  i.Generate_Non_Resolvable_Private_Address
                          ro code  0x1005526c     0x88  rom_gap.o [5]
  i.SM_Generate_Resolvable_Private_Address
                          ro code  0x100552f4     0x4e  ssm_algo.o [5]
  i.Timer_StartOneShot    ro code  0x10055342     0x22  host_timer.o [5]
  i.LL_Get_Adv_Tx_Power_Level
                          ro code  0x10055364     0x18  rom_ll_routines_support.o [5]
  i.LL_Set_Adv_Data       ro code  0x1005537c     0x74  rom_ll_ll_routines.o [5]
  i.Is_Address_Initialized
                          ro code  0x100553f0     0x16  rom_ll_ll_routines.o [5]
  i.LL_Check_And_Set_Addresses
                          ro code  0x10055408    0x1c4  rom_ll_ll_routines.o [5]
  i.Find_Timed_Out_Connection
                          ro code  0x100555cc     0x38  gatt_server.o [5]
  i.aci_gap_pairing_complete_event_push
                          ro code  0x10055604     0x4c  sm_common.o [5]
  i.LL_Enable_Disable_Scan
                          ro code  0x10055650    0x260  ll_routines_master.o [5]
  i.aci_gap_proc_complete_event_push
                          ro code  0x100558b0     0x64  gap.o [5]
  i.LL_Send_ACL_Data      ro code  0x10055914     0x54  rom_ll_ll_routines.o [5]
  i.slave_advance         ro code  0x10055968     0xfc  routines_support.o [5]
  i.store_data            ro code  0x10055a64     0x1c  gatt_server.o [5]
  i.Flash_Write_Client_Data
                          ro code  0x10055a80     0xc8  sdb.o [5]
  i.Read_RecordValidity   ro code  0x10055b48     0x10  rom_sdb.o [5]
  i.Get_SecRec_Len_In_Words
                          ro code  0x10055b58      0xc  rom_sdb.o [5]
  i.Read_SDBRecord        ro code  0x10055b64     0x2c  rom_sdb.o [5]
  i.SM_Resolve_Private_Address
                          ro code  0x10055b90     0x22  ssm_algo.o [5]
  i.SDB_Find_Record_By_ConnHandle
                          ro code  0x10055bb2     0x26  sdb.o [5]
  i.Find_Client_Data      ro code  0x10055bd8     0xcc  rom_sdb.o [5]
  i.Acl_Copy_Data         ro code  0x10055ca4     0x82  pm.o [5]
  i.PM_Pckt_Cmp           ro code  0x10055d26     0x6a  pm.o [5]
  i.Gatt_Find_Srv_From_Handle
                          ro code  0x10055d90     0x28  gatt_server.o [5]
  i.aci_gatt_write_permit_req_event_push
                          ro code  0x10055db8     0x56  att.o [5]
  i.aci_gatt_attribute_modified_event_push
                          ro code  0x10055e10     0x68  att.o [5]
  i.acl_list_full_on_packt
                          ro code  0x10055e78     0x26  acl_list.o [5]
  i.PM_Clone_Pckt         ro code  0x10055e9e     0x2a  pm.o [5]
  i.SM_Validate_Signed_Packet
                          ro code  0x10055ec8     0x7c  ssm_algo.o [5]
  i.CheckSecForSignedWrite
                          ro code  0x10055f44     0x2c  att.o [5]
  i.SDB_Get_SecurityDb_Start_Addr
                          ro code  0x10055f70     0x14  sdb.o [5]
  i.Get_Max_SecDb_Size    ro code  0x10055f84      0x4  sdb.o [5]
  i.smp_Send_Data         ro code  0x10055f88     0x2c  securitymgr.o [5]
  i.smp____SC_is_Debug_Key_Usage_Forced
                          ro code  0x10055fb4     0x14  smp_scv42_isap.o [5]
  i.SMA_SC_Gen_f4_Confirm
                          ro code  0x10055fc8     0x50  ssm_algo.o [5]
  i.smp_LP_MI_Compute_c1_Confirm_Value
                          ro code  0x10056018    0x15c  securitymgr.o [5]
  i.smp_OOB_Check_Is_Remote_Data_Present
                          ro code  0x10056174     0x3c  sm_common.o [5]
  i.smp_OOB_Get_Remote_Data_Reference
                          ro code  0x100561b0     0x4c  sm_common.o [5]
  i.smp_SR_Compute_c1_Confirm_Value
                          ro code  0x100561fc    0x170  securitymgr.o [5]
  i.smp____SC_Phase_2AS2__Set_Addresses
                          ro code  0x1005636c     0x32  smp_scv42_isap.o [5]
  i.SMA_SC_Gen_f5_Keys    ro code  0x100563a0     0xe0  ssm_algo.o [5]
  i.smp____SC_Phase_2AS2_Generate_DHKeyCheck
                          ro code  0x10056480    0x130  smp_scv42_isap.o [5]
  i.smp____SC_Phase_2AS2_DHKeyCheck_Send
                          ro code  0x100565b0     0x5c  smp_scv42_isap.o [5]
  i.smp____Pairing_2Octets_Packet_Send
                          ro code  0x1005660c     0x48  sm_common.o [5]
  i.SMA_Generate_IRK      ro code  0x10056654     0x28  ssm_algo.o [5]
  i.smp_Get_Local_Identity_Address
                          ro code  0x1005667c     0x40  sm_common.o [5]
  i.SMA_Generate_CSRK     ro code  0x100566bc     0x28  ssm_algo.o [5]
  i.smp_Add_To_Database   ro code  0x100566e4    0x14c  sm_common.o [5]
  i.smp_OOB_Clear_Remote_Data_Entry_by_Index
                          ro code  0x10056830     0x20  sm_common.o [5]
  i.aci_gap_authorization_req_event_push
                          ro code  0x10056850     0x44  sm_common.o [5]
  i.smp_Check_Incoming_Pairing_Parameters
                          ro code  0x10056894     0x38  securitymgr.o [5]
  i.smp_Build_AuthReq_Field
                          ro code  0x100568cc     0x1a  securitymgr.o [5]
  i.smp____SC_Continue_If_Exclusive_SC_Pairing
                          ro code  0x100568e8     0x3c  smp_scv42_isap.o [5]
  i.smp_Get_Pairing_Parameters_From_Peer_Packet
                          ro code  0x10056924     0x88  securitymgr.o [5]
  i.smp_Set_Key_Association_Method
                          ro code  0x100569ac     0x68  securitymgr.o [5]
  i.smp_Build_Pairing_ReqResp_Packet
                          ro code  0x10056a14     0x54  securitymgr.o [5]
  i.SMP_MI_PairingRequest_Send
                          ro code  0x10056a68    0x130  securitymgr.o [5]
  i.smp____SC_Verify_Peer_PK_and_Generate_DHKey
                          ro code  0x10056b98     0x44  smp_scv42_isap.o [5]
  i.SMA_SC_Gen_g2_NumComp_Val
                          ro code  0x10056bdc     0x58  ssm_algo.o [5]
  i.aci_gap_numeric_comparison_value_event_push
                          ro code  0x10056c34     0x48  securitymgr.o [5]
  i.STORE_LE_32           ro code  0x10056c7c     0x10  utils.o [5]
  i.SMA_LP_s1_Generate_STK
                          ro code  0x10056c8c     0x28  ssm_algo.o [5]
  i.LL_Start_Encryption   ro code  0x10056cb4     0xec  rom_ll_ll_routines_master.o [5]
  i.Blue_Set_Radio_Config_Data
                          ro code  0x10056da0     0x24  rom_ll_routines_support.o [5]
  i.Check_Permission      ro code  0x10056dc4     0x9c  rom_att.o [5]
  i.LL_Get_Address        ro code  0x10056e60     0x30  rom_ll_ll_routines.o [5]
  i.adapt_slot            ro code  0x10056e90    0x258  multi_master_time.o [5]
  i.start_timebase        ro code  0x100570e8     0xa0  multi_master_time.o [5]
  i.sm_Calculate_Hash     ro code  0x10057188     0x38  ssm_algo.o [5]
  i.convert_power         ro code  0x100571c0     0x24  rom_ll_routines_support.o [5]
  i.PRIV_vGeneratePrivateAddress
                          ro code  0x100571e4     0x62  ll_privacy.o [5]
  i.LL_Set_DirectAddress  ro code  0x10057248     0x64  rom_ll_ll_routines.o [5]
  i.LL_Set_OwnAddress     ro code  0x100572ac     0x3c  rom_ll_ll_routines.o [5]
  i.request_scan_slot     ro code  0x100572e8     0x88  multi_master_time.o [5]
  i.Write_Client_Data     ro code  0x10057370    0x1b8  sdb.o [5]
  i.SDB_Delete            ro code  0x10057528    0x170  sdb.o [5]
  i.Get_SecRecord_Size    ro code  0x10057698      0x4  sdb.o [5]
  i.SDB_Get_GattDb_Start_Addr
                          ro code  0x1005769c     0x18  sdb.o [5]
  i.Acl_Get_Pack_Off      ro code  0x100576b4     0x18  pm.o [5]
  i.Acl_Clone_Fragment    ro code  0x100576cc     0x20  pm.o [5]
  i.LE_TO_NRG_32          ro code  0x100576ec     0x14  utils.o [5]
  i.SM_CMAC_Generate_Tag  ro code  0x10057700     0xc4  ssm_algo.o [5]
  i.copy_swap_buffer      ro code  0x100577c4     0x22  utils.o [5]
  i.AES_CMAC_Encrypt      ro code  0x100577e6     0x3a  aes128cmac.o [5]
  i.SMA_SC_Gen_f6_Check_Val
                          ro code  0x10057820     0x84  ssm_algo.o [5]
  i.SDB_Add_Record        ro code  0x100578a4    0x1ac  sdb.o [5]
  i.smp_Determine_Key_Association_Method
                          ro code  0x10057a50     0xb4  securitymgr.o [5]
  i.sm_Search_BlackList   ro code  0x10057b04     0x4c  securitymgr.o [5]
  i.hci_le_generate_dhkey
                          ro code  0x10057b50     0x94  hci.o [5]
  i.SM_Get_Link_Status    ro code  0x10057be4     0x2e  sm_common.o [5]
  i.SM_Check_Encryption_KeySize
                          ro code  0x10057c12     0x20  sm_common.o [5]
  i.nsar_updateSlotListEntry
                          ro code  0x10057c34     0x6c  multi_master_time.o [5]
  i.nsar_insertSlotListEntry
                          ro code  0x10057ca0     0x1c  multi_master_time.o [5]
  i.nsar_searchBestFreeSlot
                          ro code  0x10057cbc     0xac  multi_master_time.o [5]
  i.InvaliDate_Record     ro code  0x10057d68     0x20  rom_sdb.o [5]
  i.SDB_Get_GattDb_End_Addr
                          ro code  0x10057d88     0x1c  sdb.o [5]
  i.Flash_Write_Flagged   ro code  0x10057da4     0x3c  nvm.o [5]
  i.Erase_Sector          ro code  0x10057de0      0xe  sdb.o [5]
  i.Write_SDBRecord       ro code  0x10057df0     0x6c  sdb.o [5]
  i.sm_Generate_SubKeys   ro code  0x10057e5c     0x80  ssm_algo.o [5]
  i.AES_CMAC_Encrypt_Init
                          ro code  0x10057edc     0x34  crypto.o [5]
  i.AES_CMAC_Encrypt_Append
                          ro code  0x10057f10    0x288  crypto.o [5]
  i.AES_CMAC_Encrypt_Finish
                          ro code  0x10058198     0x6c  crypto.o [5]
  i.PKA_Start_Generate_DHKey
                          ro code  0x10058204     0x30  pka.o [5]
  i.nsar_updateBestFreeSlot
                          ro code  0x10058234     0x22  multi_master_time.o [5]
  i.Delay_With_NOP_Cycles
                          ro code  0x10058256      0xe  utils.o [5]
  i.LeftShift             ro code  0x10058264     0x2c  ssm_algo.o [5]
  i.AESstdInit            ro code  0x10058290     0xb8  crypto.o [5]
  i.AES_general_enc       ro code  0x10058348      0x8  crypto.o [5]
  .text                   ro code  0x10058350    0x6b0  rtx_msgqueue.o [1]
  .text                   ro code  0x10058a00      0x2  rtx_evr.o [1]
  .text                   ro code  0x10058a02      0x2  rtx_evr.o [1]
  .text                   ro code  0x10058a04      0x2  rtx_evr.o [1]
  .text                   ro code  0x10058a06      0x2  rtx_evr.o [1]
  .text                   ro code  0x10058a08      0x2  rtx_evr.o [1]
  .text                   ro code  0x10058a0a      0x2  rtx_evr.o [1]
  .text                   ro code  0x10058a0c      0x2  rtx_evr.o [1]
  .text                   ro code  0x10058a0e      0x2  rtx_evr.o [1]
  .text                   ro code  0x10058a10      0x2  rtx_evr.o [1]
  .text                   ro code  0x10058a14    0x160  rtx_system.o [1]
  .text                   ro code  0x10058b74      0x2  rtx_evr.o [1]
  .text                   ro code  0x10058b76      0x2  rtx_evr.o [1]
  .text                   ro code  0x10058b78      0xc  os_systick.o [1]
  i.Gatt_Server_L2C_Handler
                          ro code  0x10058b84    0x228  gatt_server.o [5]
  .text                   ro code  0x10058dac    0x1d8  system_bluenrg1.o [1]
  i.Gatt_Super_Handler_Task7
                          ro code  0x10058f84    0x1a8  gatt_client.o [5]
  i.GAP_Started_Gatt_Proc
                          ro code  0x1005912c     0x2c  gap.o [5]
  i.Gatt_Check_Not_Error_Resp
                          ro code  0x10059158     0x6c  gatt_client.o [5]
  i.aci_att_read_resp_event_push
                          ro code  0x100591c4     0x68  gatt_client.o [5]
  i.aci_att_read_multiple_resp_event_push
                          ro code  0x1005922c     0x64  gatt_client.o [5]
  i.aci_att_read_blob_resp_event_push
                          ro code  0x10059290     0x68  gatt_client.o [5]
  i.Att_Send_Read_Blob_Req_Pdu
                          ro code  0x100592f8     0x4e  rom_att.o [5]
  i.GAP_Internal_Evt_Handler
                          ro code  0x10059348     0x38  gap.o [5]
  i.aci_gatt_disc_read_char_by_uuid_resp_event_push
                          ro code  0x10059380     0x74  gatt_client.o [5]
  i.aci_gatt_proc_complete_event_push
                          ro code  0x100593f4     0x48  gatt_client.o [5]
  i.aci_gatt_error_resp_event_push
                          ro code  0x1005943c     0x64  gatt_client.o [5]
  i.L2C_Signal_Channel_Handler
                          ro code  0x100594a0    0x19c  l2cap.o [5]
  i.Find_L2cap_conn_index
                          ro code  0x1005963c     0x38  l2cap.o [5]
  i.aci_l2cap_connection_update_req_event_push
                          ro code  0x10059674     0x88  l2cap.o [5]
  i.L2C_Build_Command_Reject_Pdu
                          ro code  0x100596fc     0x7a  l2cap.o [5]
  i.Find_L2cap_signalling_connection
                          ro code  0x10059778     0x38  l2cap.o [5]
  .rodata                 const    0x100597b0    0x170  mbed_rtx_handlers.o [1]
  i.SM_L2CAP_Handler_ISR  ro code  0x10059920    0x12c  sm_common.o [5]
  i.SM_Connection_Complete_Handler
                          ro code  0x10059a4c     0x7c  sm_common.o [5]
  .constdata              const    0x10059ac8    0x128  crypto.o [5]
  .constdata              const    0x10059bf0    0x110  aci_events.o [5]
  .text                   ro code  0x10059d00     0xfa  BlueNRG1_mft.o [1]
  .text                   ro code  0x10059dfc     0xf0  rtx_timer.o [1]
  .text                   ro code  0x10059eec      0x2  rtx_evr.o [1]
  i.hci_acl_data_ind_event_int_cb
                          ro code  0x10059ef0     0xe4  acl.o [5]
  i.hci_rx_acl_data       ro code  0x10059fd4     0x5a  hci.o [5]
  i.Search_In_Stat        ro code  0x1005a02e     0x20  acl.o [5]
  i.Check_Stat            ro code  0x1005a04e     0x24  acl.o [5]
  i.PM_Append_Fragment    ro code  0x1005a072     0x10  pm.o [5]
  i.L2C_Rcv_Event_Handler
                          ro code  0x1005a082     0x3e  l2cap.o [5]
  i.Acl_Get_Last          ro code  0x1005a0c0      0xc  pm.o [5]
  i.SM_L2CAP_Handler      ro code  0x1005a0cc     0xe0  sm_common.o [5]
  i.smp_Keys_Distribution_Complete
                          ro code  0x1005a1ac     0x46  sm_common.o [5]
  .text                   ro code  0x1005a1f4     0xe0  xfspos.o [3]
  .text                   ro code  0x1005a2d4      0xc  xfgpos.o [3]
  .text                   ro code  0x1005a2e0     0xc4  us_ticker_api.o [1]
  i.SM_L2CAP_Encryption_changed_Handler_ISR
                          ro code  0x1005a3a4     0xc4  sm_common.o [5]
  .text                   ro code  0x1005a468     0xc0  xfwprep.o [3]
  .text                   ro code  0x1005a528     0x22  fseek.o [3]
  .text                   ro code  0x1005a54c     0x98  irq_cm0.o [1]
  i.hci_acl_data_tx_cmpl_event_int_cb
                          ro code  0x1005a5e4     0x98  acl.o [5]
  i.hci_tx_acl_data_done  ro code  0x1005a67c     0x34  hci.o [5]
  .rodata                 const    0x1005a6b0     0x90  mbed_critical.o [1]
  .rodata                 const    0x1005a740     0x8c  Serial.o [1]
  .rodata                 const    0x1005a7cc     0x6c  Stream.o [1]
  .rodata                 const    0x1005a838     0x68  rtx_lib.o [1]
  .text                   ro code  0x1005a8a0     0x68  xcloseall.o [3]
  i._GAP_Parse_Advertising_Report
                          ro code  0x1005a908     0x64  gap.o [5]
  .constdata              const    0x1005a96c     0x60  smp_scv42_isap.o [5]
  .rodata                 const    0x1005a9cc     0x60  rtx_lib.o [1]
  i.GAP_Connection_Complete_Handler
                          ro code  0x1005aa2c     0x60  gap.o [5]
  .rodata                 const    0x1005aa8c     0x5c  Stream.o [1]
  i.GAP_LL_Event_Handler_ISR
                          ro code  0x1005aae8     0x5c  gap.o [5]
  i.GAP_Parse_Advertising_Report
                          ro code  0x1005ab44     0x10  gap.o [5]
  i.L2C_Rcv_Event_Handler_ISR
                          ro code  0x1005ab54     0x5a  l2cap.o [5]
  i.L2C_Connection_Complete_Handler
                          ro code  0x1005abae     0x24  l2cap.o [5]
  i.Gatt_Server_L2C_Handler_ISR
                          ro code  0x1005abd4     0x48  gatt_server.o [5]
  i.L2C_Signal_Channel_Handler_ISR
                          ro code  0x1005ac1c     0x24  l2cap.o [5]
  i.Acl_Disconnected_Peer
                          ro code  0x1005ac40     0x54  acl.o [5]
  i.GATT_Connection_Complete_Handler
                          ro code  0x1005ac94     0x48  gatt_server.o [5]
  i.L2C_Connection_Complete_Signal_Handler
                          ro code  0x1005acdc     0x24  l2cap.o [5]
  i.L2CAP_Reset_To_Closed_State
                          ro code  0x1005ad00     0x38  l2cap.o [5]
  .text                   ro code  0x1005ad38     0x56  fputc.o [3]
  .rodata                 const    0x1005ad90     0x54  FATFileSystem.o [1]
  .rodata                 const    0x1005ade4     0x50  ATCmdParser.o [1]
  i.hci_le_enhanced_connection_complete_event_cb
                          ro code  0x1005ae34     0x48  aci_events.o [5]
  i.hci_le_enhanced_connection_complete_event
                          ro code  0x1005ae7c      0x2  aci_events.o [5]
  i.smp____SC_hci_le_read_local_p256_public_key_complete_evt_hndl
                          ro code  0x1005ae80     0x44  smp_scv42_isap.o [5]
  i.hci_le_connection_complete_event_cb
                          ro code  0x1005aec4     0x40  aci_events.o [5]
  .text                   ro code  0x1005af04     0x3c  zero_init3.o [7]
  .text                   ro code  0x1005af40     0x3c  packbits_init_single.o [7]
  .text                   ro code  0x1005af7c     0x34  Serial.o [1]
  i.aci_l2cap_connection_update_req_event_cb
                          ro code  0x1005afb0     0x30  aci_events.o [5]
  i.aci_l2cap_connection_update_req_event
                          ro code  0x1005afe0      0x2  aci_events.o [5]
  i.hci_le_connection_update_complete_event_cb
                          ro code  0x1005afe4     0x2c  aci_events.o [5]
  i.hci_le_connection_update_complete_event
                          ro code  0x1005b010      0x2  aci_events.o [5]
  i.aci_att_prepare_write_resp_event_cb
                          ro code  0x1005b014     0x28  aci_events.o [5]
  i.aci_att_prepare_write_resp_event
                          ro code  0x1005b03c      0x2  aci_events.o [5]
  i.aci_gatt_attribute_modified_event_cb
                          ro code  0x1005b040     0x28  aci_events.o [5]
  i.hci_le_read_remote_used_features_complete_event_cb
                          ro code  0x1005b068     0x28  aci_events.o [5]
  i.hci_le_read_remote_used_features_complete_event
                          ro code  0x1005b090      0x2  aci_events.o [5]
  i.smp____SC_hci_le_generate_dhkey_complete_evt_hndl
                          ro code  0x1005b094     0x28  smp_scv42_isap.o [5]
  i.hci_disconnection_complete_event_int_cb
                          ro code  0x1005b0bc     0x26  aci_events.o [5]
  i.hci_le_connection_complete_event_int_cb
                          ro code  0x1005b0e2     0x26  aci_events.o [5]
  i.hci_le_enhanced_connection_complete_event_int_cb
                          ro code  0x1005b108     0x26  aci_events.o [5]
  i.aci_att_find_by_type_value_resp_event_cb
                          ro code  0x1005b130     0x24  aci_events.o [5]
  i.aci_att_find_by_type_value_resp_event
                          ro code  0x1005b154      0x2  aci_events.o [5]
  i.aci_att_find_info_resp_event_cb
                          ro code  0x1005b158     0x24  aci_events.o [5]
  i.aci_att_find_info_resp_event
                          ro code  0x1005b17c      0x2  aci_events.o [5]
  i.aci_att_read_blob_resp_event_cb
                          ro code  0x1005b180     0x24  aci_events.o [5]
  i.aci_att_read_blob_resp_event
                          ro code  0x1005b1a4      0x2  aci_events.o [5]
  i.aci_att_read_by_group_type_resp_event_cb
                          ro code  0x1005b1a8     0x24  aci_events.o [5]
  i.aci_att_read_by_group_type_resp_event
                          ro code  0x1005b1cc      0x2  aci_events.o [5]
  i.aci_att_read_by_type_resp_event_cb
                          ro code  0x1005b1d0     0x24  aci_events.o [5]
  i.aci_att_read_by_type_resp_event
                          ro code  0x1005b1f4      0x2  aci_events.o [5]
  i.aci_att_read_multiple_resp_event_cb
                          ro code  0x1005b1f8     0x24  aci_events.o [5]
  i.aci_att_read_multiple_resp_event
                          ro code  0x1005b21c      0x2  aci_events.o [5]
  i.aci_att_read_resp_event_cb
                          ro code  0x1005b220     0x24  aci_events.o [5]
  i.aci_att_read_resp_event
                          ro code  0x1005b244      0x2  aci_events.o [5]
  i.aci_att_write_resp_event_cb
                          ro code  0x1005b248     0x24  aci_events.o [5]
  i.aci_att_write_resp_event
                          ro code  0x1005b26c      0x2  aci_events.o [5]
  i.aci_gap_pairing_complete_event_cb
                          ro code  0x1005b270     0x24  aci_events.o [5]
  i.aci_gap_pairing_complete_event
                          ro code  0x1005b294      0x2  aci_events.o [5]
  i.aci_gap_proc_complete_event_cb
                          ro code  0x1005b298     0x24  aci_events.o [5]
  i.aci_gap_proc_complete_event
                          ro code  0x1005b2bc      0x2  aci_events.o [5]
  i.aci_gatt_disc_read_char_by_uuid_resp_event_cb
                          ro code  0x1005b2c0     0x24  aci_events.o [5]
  i.aci_gatt_disc_read_char_by_uuid_resp_event
                          ro code  0x1005b2e4      0x2  aci_events.o [5]
  i.aci_gatt_error_resp_event_cb
                          ro code  0x1005b2e8     0x24  aci_events.o [5]
  i.aci_gatt_error_resp_event
                          ro code  0x1005b30c      0x2  aci_events.o [5]
  i.aci_gatt_indication_event_cb
                          ro code  0x1005b310     0x24  aci_events.o [5]
  i.aci_gatt_indication_event
                          ro code  0x1005b334      0x2  aci_events.o [5]
  i.aci_gatt_notification_event_cb
                          ro code  0x1005b338     0x24  aci_events.o [5]
  i.aci_gatt_notification_event
                          ro code  0x1005b35c      0x2  aci_events.o [5]
  i.aci_hal_scan_req_report_event_cb
                          ro code  0x1005b360     0x24  aci_events.o [5]
  i.aci_hal_scan_req_report_event
                          ro code  0x1005b384      0x2  aci_events.o [5]
  i.hci_le_generate_dhkey_complete_event_cb
                          ro code  0x1005b388     0x24  aci_events.o [5]
  i.hci_le_generate_dhkey_complete_event
                          ro code  0x1005b3ac      0x2  aci_events.o [5]
  i.hci_le_long_term_key_request_event_cb
                          ro code  0x1005b3b0     0x24  aci_events.o [5]
  i.hci_le_long_term_key_request_event
                          ro code  0x1005b3d4      0x2  aci_events.o [5]
  i.hci_le_read_local_p256_public_key_complete_event_cb
                          ro code  0x1005b3d8     0x24  aci_events.o [5]
  i.hci_le_read_local_p256_public_key_complete_event
                          ro code  0x1005b3fc      0x2  aci_events.o [5]
  i.hci_read_remote_version_information_complete_event_cb
                          ro code  0x1005b400     0x24  aci_events.o [5]
  i.hci_read_remote_version_information_complete_event
                          ro code  0x1005b424      0x2  aci_events.o [5]
  .iar.init_table         const    0x1005b428     0x58  - Linker created -
[...]
nsar_searchBestFreeSlot
                        0x10057cbd    0xa8  Code  Lc  multi_master_time.o [5]
nsar_updateBestFreeSlot
                        0x10058235    0x22  Code  Lc  multi_master_time.o [5]
nsar_updateSlotListEntry
                        0x10057c35    0x66  Code  Lc  multi_master_time.o [5]
obuf                    0x20004378    0x50  Data  Lc  xfiles.o [3]
osDelay                 0x1004ab35    0x24  Code  Gb  rtx_delay.o [1]
osEventObs              0x200046c8     0x4  Data  Gb  rt_OsEventObserver.o [1]
osKernelGetState        0x100476cd    0x3c  Code  Gb  rtx_kernel.o [1]
osKernelInitialize      0x1004767d    0x36  Code  Gb  rtx_kernel.o [1]
osKernelStart           0x10047709    0x4e  Code  Gb  rtx_kernel.o [1]
osMessageQueueGet       0x10058959    0x9c  Code  Gb  rtx_msgqueue.o [1]
osMessageQueueNew       0x10058865    0x4e  Code  Gb  rtx_msgqueue.o [1]
osMessageQueuePut       0x100588b5    0xa2  Code  Gb  rtx_msgqueue.o [1]
osMutexAcquire          0x10047b09    0x28  Code  Gb  rtx_mutex.o [1]
osMutexDelete           0x10047b65    0x24  Code  Gb  rtx_mutex.o [1]
osMutexNew              0x10047abd    0x46  Code  Gb  rtx_mutex.o [1]
osMutexRelease          0x10047b31    0x24  Code  Gb  rtx_mutex.o [1]
osRegisterForOsEvents::has_been_called
                        0x200046c4     0x1  Data  Lc  rt_OsEventObserver.o [1]
osRtxConfig             0x1005a838    0x68  Data  Gb  rtx_lib.o [1]
osRtxErrorNotify        0x10047ce1    0x60  Code  Gb  mbed_rtx_handlers.o [1]
osRtxIdleThread         0x10047cd9     0x6  Code  Gb  mbed_rtx_handlers.o [1]
osRtxInfo               0x200003c0    0xa4  Data  Gb  rtx_kernel.o [1]
osRtxMemoryAlloc        0x100480b5    0x70  Code  Wk  rtx_memory.o [1]
osRtxMemoryFree         0x10048125    0x4e  Code  Wk  rtx_memory.o [1]
osRtxMemoryInit         0x10048609    0x3e  Code  Wk  rtx_memory.o [1]
osRtxMemoryPoolAlloc    0x1004802f    0x40  Code  Gb  rtx_mempool.o [1]
osRtxMemoryPoolFree     0x1004806f    0x46  Code  Gb  rtx_mempool.o [1]
osRtxMemoryPoolInit     0x10047fe9    0x46  Code  Gb  rtx_mempool.o [1]
osRtxMessageQueuePostProcess
                        0x100583f9    0xfe  Code  Gb  rtx_msgqueue.o [1]
osRtxMutexOwnerRelease  0x1004777d    0x4e  Code  Gb  rtx_mutex.o [1]
osRtxPendSV_Handler     0x10058a87    0x76  Code  Gb  rtx_system.o [1]
osRtxPostProcess        0x10058afd    0x66  Code  Gb  rtx_system.o [1]
osRtxThreadBlock        0x10046dd9    0x30  Code  Gb  rtx_thread.o [1]
osRtxThreadDelayRemove  0x10046c61    0x66  Code  Gb  rtx_thread.o [1]
osRtxThreadDelayTick    0x10046cc7   0x10c  Code  Gb  rtx_thread.o [1]
osRtxThreadDispatch     0x10046e29    0x6a  Code  Gb  rtx_thread.o [1]
osRtxThreadFree         0x10047229    0x44  Code  Lc  rtx_thread.o [1]
osRtxThreadListGet      0x10046bf9    0x1a  Code  Gb  rtx_thread.o [1]
osRtxThreadListPut      0x10046bc9    0x30  Code  Gb  rtx_thread.o [1]
osRtxThreadListRemove   0x10046c37    0x1a  Code  Gb  rtx_thread.o [1]
osRtxThreadListSort     0x10046c13    0x24  Code  Gb  rtx_thread.o [1]
osRtxThreadPostProcess  0x10046f6b    0x54  Code  Gb  rtx_thread.o [1]
osRtxThreadReadyPut     0x10046c51    0x10  Code  Gb  rtx_thread.o [1]
osRtxThreadRegPtr       0x10046dd3     0x6  Code  Gb  rtx_thread.o [1]
osRtxThreadStackCheck   0x100473e1    0x2c  Code  Wk  rtx_thread.o [1]
osRtxThreadSwitch       0x10046e09    0x18  Code  Gb  rtx_thread.o [1]
osRtxThreadWaitEnter    0x10046ec5    0xa6  Code  Gb  rtx_thread.o [1]
osRtxThreadWaitExit     0x10046e93    0x32  Code  Gb  rtx_thread.o [1]
osRtxTick_Handler       0x10058a15    0x72  Code  Gb  rtx_system.o [1]
osRtxTimerThread        0x10059e99    0x54  Code  Wk  rtx_timer.o [1]
osRtxTimerTick          0x10059e39    0x5a  Code  Gb  rtx_timer.o [1]
osRtxUserSVC            0x1005ba14     0x4  Data  Wk  rtx_lib.o [1]
osThreadContextNew      0x10047321    0x50  Code  Gb  rtx_thread.o [1]
osThreadExit            0x100473b9    0x16  Code  Gb  rtx_thread.o [1]
osThreadGetId           0x10047395    0x24  Code  Gb  rtx_thread.o [1]
osThreadGetName         0x10047371    0x24  Code  Gb  rtx_thread.o [1]
osThreadNew             0x10047315     0xa  Code  Gb  rtx_thread.o [1]
os_idle_thread_attr     0x1005a9cc    0x24  Data  Lc  rtx_lib.o [1]
os_idle_thread_cb       0x20004418    0x48  Data  Lc  rtx_lib.o [1]
os_idle_thread_stack    0x20003c38   0x200  Data  Lc  rtx_lib.o [1]
os_isr_queue            0x200044e8    0x40  Data  Lc  rtx_lib.o [1]
os_timer_mq_attr        0x1005aa14    0x18  Data  Lc  rtx_lib.o [1]
os_timer_mq_cb          0x2000460c    0x34  Data  Lc  rtx_lib.o [1]
os_timer_mq_data        0x200043c8    0x50  Data  Lc  rtx_lib.o [1]
os_timer_thread_attr    0x1005a9f0    0x24  Data  Lc  rtx_lib.o [1]
os_timer_thread_cb      0x20004460    0x48  Data  Lc  rtx_lib.o [1]
os_timer_thread_stack   0x20003938   0x300  Data  Lc  rtx_lib.o [1]
ota_sw_activation       0x20000004     0x4  Data  Gb  system_bluenrg1.o [1]
ota_sw_activation_block$$Base
                        0x20000004           --   Gb  - Linker created -
ota_sw_activation_block$$Limit
                        0x20000008           --   Gb  - Linker created -
patch_advance_transmit  0x1004d161    0x3a  Code  Gb  routines_support.o [5]
pre_main                0x10046979    0x32  Code  Gb  mbed_boot.o [1]
prepend_alloc           0x1004512d   0x35e  Code  Lc  dlmalloc.o [3]
pressCharHandle         0x20004532     0x2  Data  Gb  gatt_db.o [1]
printf                  0x10049e99    0x24  Code  Gb  printf.o [3]
putchar                 0x1005b8ad    0x10  Code  Gb  putchar.o [3]
rcon                    0x10059bc8    0x28  Data  Gb  crypto.o [5]
read_rssi               0x100431a5    0x68  Code  Gb  ll_routines.o [5]
remove                  0x1004856d    0x40  Code  Gb  mbed_retarget.o [1]
request_scan_slot       0x100572e9    0x80  Code  Gb  multi_master_time.o [5]
rtos::Mutex::Mutex()    0x100495c9    0x4a  Code  Gb  Mutex.o [1]
rtos::Mutex::lock(unsigned int)
                        0x10049619    0x16  Code  Gb  Mutex.o [1]
rtos::Mutex::unlock()   0x1004962f    0x10  Code  Gb  Mutex.o [1]
rtos::Mutex::~Mutex()   0x1004963f     0x2  Code  Gb  Mutex.o [1]
rtos::Thread::wait(unsigned int)
                        0x10049361     0x8  Code  Gb  Thread.o [1]
rtos_idle_loop          0x1004933d     0xa  Code  Gb  mbed_rtx_idle.o [1]
savedMSP                0x20000008     0x4  Data  Gb  system_bluenrg1.o [1]
savedMSP_block$$Base    0x20000008           --   Gb  - Linker created -
savedMSP_block$$Limit   0x2000000c           --   Gb  - Linker created -
scale                   0x1004b6df    0x42  Code  Lc  xprintflarge.o [3]
schedule_advertise_slot
                        0x10055115    0x8c  Code  Gb  multi_master_time.o [5]
schedule_interrupt      0x1004d9c1    0x68  Code  Lc  mbed_ticker_api.o [1]
segment_holding         0x100450a1    0x1c  Code  Lc  dlmalloc.o [3]
serial_baud             0x100494b1     0x6  Code  Gb  serial_api.o [1]
serial_init             0x10049425    0x76  Code  Gb  serial_api.o [1]
serial_irq_handler      0x100494b7     0xa  Code  Gb  serial_api.o [1]
serial_irq_ids          0x200046d0     0x4  Data  Lc  serial_api.o [1]
serial_irq_set          0x100494c1    0x2c  Code  Gb  serial_api.o [1]
serial_putc             0x1004949b    0x16  Code  Gb  serial_api.o [1]
serialport              0x20004150    0x74  Data  Gb  main.o [1]
service_uuid            0x20004534    0x10  Data  Gb  gatt_db.o [1]
setGapAdvData           0x10051d11    0xfa  Code  Gb  gap.o [5]
set_freq                0x1004f279    0x5e  Code  Gb  rom_ll_timehandling.o [5]
set_sca                 0x1004414d    0x1c  Code  Gb  rom_ll_timehandling.o [5]
set_string              0x10042f8d    0x10  Code  Gb  hal.o [5]
setvbuf                 0x10049881    0xb0  Code  Gb  setvbuf.o [3]
singleton_mutex_attr    0x20004568    0x10  Data  Gb  mbed_boot.o [1]
singleton_mutex_id      0x20004580     0x4  Data  Gb  mbed_boot.o [1]
singleton_mutex_obj     0x20004584    0x1c  Data  Gb  mbed_boot.o [1]
slave_advance           0x10055969    0xf0  Code  Gb  routines_support.o [5]
sleep_manager_lock_deep_sleep
                        0x1004ab1b     0x2  Code  Gb  mbed_sleep_manager.o [1]
sleep_manager_unlock_deep_sleep
                        0x1004ab1d     0x2  Code  Gb  mbed_sleep_manager.o [1]
sm_Calculate_Hash       0x10057189    0x38  Code  Lc  ssm_algo.o [5]
sm_Generate_SubKeys     0x10057e5d    0x80  Code  Lc  ssm_algo.o [5]
sm_Get_Long_Term_Key    0x1004fe01    0x8a  Code  Lc  securitymgr.o [5]
sm_RepeatedAttacks_Protection
                        0x10054945   0x102  Code  Lc  securitymgr.o [5]
sm_Search_BlackList     0x10057b05    0x46  Code  Gb  securitymgr.o [5]
smp_Add_To_Database     0x100566e5   0x146  Code  Gb  sm_common.o [5]
smp_Build_AuthReq_Field
                        0x100568cd    0x1a  Code  Lc  securitymgr.o [5]
smp_Build_Pairing_ReqResp_Packet
                        0x10056a15    0x50  Code  Lc  securitymgr.o [5]
smp_Check_Incoming_Pairing_Parameters
                        0x10056895    0x34  Code  Lc  securitymgr.o [5]
smp_Determine_Key_Association_Method
                        0x10057a51    0xac  Code  Gb  securitymgr.o [5]
smp_Execute_Actions_wrt_Current_State
                        0x1004ff65   0x266  Code  Lc  securitymgr.o [5]
smp_Find_Remote_Device_Index
                        0x10054155    0x3a  Code  Gb  sm_common.o [5]
smp_Get_Local_Identity_Address
                        0x1005667d    0x3a  Code  Gb  sm_common.o [5]
smp_Get_Pairing_Parameters_From_Peer_Packet
                        0x10056925    0x82  Code  Lc  securitymgr.o [5]
smp_Keys_Distribution_Complete
                        0x1005a1ad    0x46  Code  Lc  sm_common.o [5]
smp_Keys_Distribution_Send
                        0x10053f81   0x126  Code  Lc  securitymgr.o [5]
smp_Keys_Distribution_Start
                        0x10053f49    0x36  Code  Gb  sm_common.o [5]
smp_LP_MI_Compute_c1_Confirm_Value
                        0x10056019   0x156  Code  Lc  securitymgr.o [5]
smp_OOB_Check_Is_Remote_Data_Present
                        0x10056175    0x36  Code  Gb  sm_common.o [5]
smp_OOB_Clear_Remote_Data_Entry_by_Index
                        0x10056831    0x1a  Code  Gb  sm_common.o [5]
smp_OOB_Get_Remote_Data_Reference
                        0x100561b1    0x48  Code  Gb  sm_common.o [5]
smp_Pairing_Completed   0x100540ad    0xa2  Code  Gb  sm_common.o [5]
smp_Process_Rx_Packet_Exception_Cases
                        0x1005044d    0xae  Code  Lc  securitymgr.o [5]
smp_Process_Rx_Packet_wrt_Current_State
                        0x10050219   0x174  Code  Lc  securitymgr.o [5]
smp_Receive_Keys        0x100545c1    0xd2  Code  Gb  sm_common.o [5]
smp_Reset_Timer         0x10054195    0x1a  Code  Lc  securitymgr.o [5]
smp_SR_Compute_c1_Confirm_Value
                        0x100561fd   0x16a  Code  Lc  securitymgr.o [5]
smp_Send_Data           0x10055f89    0x2c  Code  Gb  securitymgr.o [5]
smp_Set_Key_Association_Method
                        0x100569ad    0x64  Code  Lc  securitymgr.o [5]
smp____MI_PairingConfirm_Receive
                        0x10053a79    0x56  Code  Lc  securitymgr.o [5]
smp____MI_PairingConfirm_Send
                        0x10053c8d    0x92  Code  Lc  securitymgr.o [5]
smp____MI_PairingRandom_Receive
                        0x10054719   0x1a2  Code  Lc  securitymgr.o [5]
smp____MI_PairingResponse_Receive
                        0x10054695    0x7e  Code  Lc  securitymgr.o [5]
smp____MI_SecurityRequest_Receive
                        0x10054349    0x60  Code  Lc  securitymgr.o [5]
smp____PairingFailed_Send
                        0x10053f19    0x30  Code  Gb  securitymgr.o [5]
smp____Pairing_2Octets_Packet_Send
                        0x1005660d    0x48  Code  Gb  sm_common.o [5]
smp____Pairing_Process_Abort
                        0x10050391    0xb6  Code  Lc  securitymgr.o [5]
smp____SC_Continue_If_Exclusive_SC_Pairing
                        0x100568e9    0x36  Code  Gb  smp_scv42_isap.o [5]
smp____SC_PairingPublicKey_Receive
                        0x100543ad    0x68  Code  Gb  smp_scv42_isap.o [5]
smp____SC_PairingPublicKey_Send
                        0x10053c25    0x64  Code  Gb  smp_scv42_isap.o [5]
smp____SC_Pairing_OOB_Confirm_Receive_and_Verify
                        0x10053d25    0x8c  Code  Gb  smp_scv42_isap.o [5]
smp____SC_Phase_2AS2_DHKeyCheck_Receive
                        0x100548c5    0x80  Code  Gb  smp_scv42_isap.o [5]
smp____SC_Phase_2AS2_DHKeyCheck_Send
                        0x100565b1    0x56  Code  Gb  smp_scv42_isap.o [5]
smp____SC_Phase_2AS2_Generate_DHKeyCheck
                        0x10056481   0x12a  Code  Lc  smp_scv42_isap.o [5]
smp____SC_Phase_2AS2_Start
                        0x10053e65    0xae  Code  Gb  smp_scv42_isap.o [5]
smp____SC_Phase_2AS2__Set_Addresses
                        0x1005636d    0x32  Code  Lc  smp_scv42_isap.o [5]
smp____SC_Verify_Peer_PK_and_Generate_DHKey
                        0x10056b99    0x3e  Code  Gb  smp_scv42_isap.o [5]
smp____SC_hci_le_generate_dhkey_complete_evt_hndl
                        0x1005b095    0x22  Code  Gb  smp_scv42_isap.o [5]
smp____SC_hci_le_read_local_p256_public_key_complete_evt_hndl
                        0x1005ae81    0x3c  Code  Gb  smp_scv42_isap.o [5]
smp____SC_initialize    0x10050b2d    0x50  Code  Gb  smp_scv42_isap.o [5]
smp____SC_is_Debug_Key_Usage_Forced
                        0x10055fb5    0x10  Code  Gb  smp_scv42_isap.o [5]
smp____SC_is_any_other_SC_Pairing_Ongoing
                        0x10050af5    0x34  Code  Gb  smp_scv42_isap.o [5]
smp____SC_submit_ECC_PK_generation_request
                        0x10053c09    0x16  Code  Gb  smp_scv42_isap.o [5]
smp____SR_PairingConfirm_Receive
                        0x10053db5    0xac  Code  Lc  securitymgr.o [5]
smp____SR_PairingRandom_Receive
                        0x1005441d   0x19a  Code  Lc  securitymgr.o [5]
smp____SR_PairingRequest_Receive
                        0x100541b5   0x18e  Code  Lc  securitymgr.o [5]
spi                     0x200041dc    0x24  Data  Gb  main.o [1]
spi_format              0x10049d7d    0x60  Code  Gb  spi_api.o [1]
spi_frequency           0x10049ddd     0xa  Code  Gb  spi_api.o [1]
spi_init                0x10049ca9    0xd0  Code  Gb  spi_api.o [1]
spi_master_block_write  0x10049de7    0xb2  Code  Gb  spi_api.o [1]
stacklib_flash_data     0x10067000   0x800  Data  Lc  Blue1.o [1]
stacklib_stored_device_id_data
                        0x10067800    0x38  Data  Lc  Blue1.o [1]
start_timebase          0x100570e9    0x92  Code  Gb  multi_master_time.o [5]
std_mutex_file          0x20004038   0x118  Data  Lc  mbed_boot.o [1]
std_mutex_id_file       0x20004010    0x28  Data  Lc  mbed_boot.o [1]
std_mutex_id_sys        0x20004220    0x14  Data  Lc  mbed_boot.o [1]
std_mutex_sys           0x20004234    0x8c  Data  Lc  mbed_boot.o [1]
stdio_uart              0x200046ac    0x10  Data  Gb  serial_api.o [1]
stdio_uart_inited       0x200046e4     0x4  Data  Gb  serial_api.o [1]
store_data              0x10055a65    0x1c  Code  Gb  gatt_server.o [5]
strcmp                  0x100496b5    0x22  Code  Gb  strcmp.o [7]
strlen                  0x1004d4bb    0x10  Code  Gb  strlen.o [7]
strncmp                 0x1004d6ed    0x2c  Code  Gb  strncmp.o [3]
svcRtxDelay             0x1004ab21    0x14  Code  Gb  rtx_delay.o [1]
svcRtxKernelGetState    0x100475bd     0xe  Code  Gb  rtx_kernel.o [1]
svcRtxKernelInitialize  0x10047435   0x17a  Code  Gb  rtx_kernel.o [1]
svcRtxKernelStart       0x100475cb    0xa6  Code  Gb  rtx_kernel.o [1]
svcRtxMessageQueueGet   0x1005874f   0x106  Code  Gb  rtx_msgqueue.o [1]
svcRtxMessageQueueNew   0x100584f7   0x16e  Code  Gb  rtx_msgqueue.o [1]
svcRtxMessageQueuePut   0x10058665    0xea  Code  Gb  rtx_msgqueue.o [1]
svcRtxMutexAcquire      0x10047847    0xca  Code  Gb  rtx_mutex.o [1]
svcRtxMutexDelete       0x10047a03    0xba  Code  Gb  rtx_mutex.o [1]
svcRtxMutexNew          0x100477cb    0x7c  Code  Gb  rtx_mutex.o [1]
svcRtxMutexRelease      0x10047911    0xdc  Code  Gb  rtx_mutex.o [1]
svcRtxThreadExit        0x1004726d    0xa0  Code  Gb  rtx_thread.o [1]
svcRtxThreadGetId       0x100471f9    0x10  Code  Gb  rtx_thread.o [1]
svcRtxThreadGetName     0x100471cf    0x2a  Code  Gb  rtx_thread.o [1]
svcRtxThreadNew         0x10046fc9   0x206  Code  Gb  rtx_thread.o [1]
swap_char               0x10044139     0xa  Code  Lc  multi_master_time.o [5]
swap_short_int          0x10044143     0xa  Code  Lc  multi_master_time.o [5]
sys_alloc               0x10045495   0x3e8  Code  Lc  dlmalloc.o [3]
syslock_o               0x200045a0     0x4  Data  Lc  xsyslock_mtx.o [3]
system_time_trans       0x10043135     0xa  Code  Gb  rom_ll_timehandling.o [5]
system_time_trans_ext   0x100441ad    0x26  Code  Gb  rom_ll_timehandling.o [5]
tempCharHandle          0x20004530     0x2  Data  Gb  gatt_db.o [1]
terminate_hook          0x200046ec     0x4  Data  Lc  Thread.o [1]
thread_terminate_hook   0x1004934d    0x10  Code  Gb  Thread.o [1]
ticker_read             0x1004da29     0x4  Code  Gb  mbed_ticker_api.o [1]
time_offset1            0x10044177     0xe  Code  Gb  rom_ll_timehandling.o [5]
time_offset2            0x10044195     0xc  Code  Gb  rom_ll_timehandling.o [5]
timebase_start_connect  0x100440c5    0x36  Code  Gb  multi_master_time.o [5]
tmalloc_large           0x10045889   0x3ca  Code  Lc  dlmalloc.o [3]
tmalloc_small           0x10045c59   0x230  Code  Lc  dlmalloc.o [3]
touch_it                0x20000567     0x1  Data  Gb  rom_global_var.o [5]
unpack_channel_map      0x1004288b    0x38  Code  Gb  rom_ll_isr_routines.o [5]
unpack_update_request   0x10042845    0x46  Code  Gb  rom_ll_isr_routines.o [5]
update_present_time     0x1004d859    0xf4  Code  Lc  mbed_ticker_api.o [1]
us_data                 0x1004d71c     0x8  Data  Lc  mbed_us_ticker_api.o [1]
us_interface            0x1005b6a8    0x1c  Data  Lc  mbed_us_ticker_api.o [1]
us_ticker_clear_interrupt
                        0x1005a3a1     0x2  Code  Gb  us_ticker_api.o [1]
us_ticker_disable_interrupt
                        0x1005a387     0xc  Code  Gb  us_ticker_api.o [1]
us_ticker_fire_interrupt
                        0x1005a3a3     0x2  Code  Gb  us_ticker_api.o [1]
us_ticker_get_info      0x1005b9fd     0x8  Code  Wk  mbed_retarget.o [1]
us_ticker_get_info::info
                        0x1005b9ec     0x8  Data  Lc  mbed_retarget.o [1]
us_ticker_init          0x1005a307    0x5c  Code  Gb  us_ticker_api.o [1]
us_ticker_read          0x1005a363    0x18  Code  Gb  us_ticker_api.o [1]
us_ticker_set_interrupt
                        0x1005a37b     0xc  Code  Gb  us_ticker_api.o [1]
void mbed::Callback<void ()>::function_call<void (*)()>(void const *)
                        0x1005ba05     0x8  Code  Gb  Ticker.o [1]
void mbed::Callback<void ()>::function_dtor<void (*)()>(void *)
                        0x1004ab1f     0x2  Code  Gb  Ticker.o [1]
void mbed::Callback<void ()>::function_move<void (*)()>(void *, void const *)
                        0x10041cfb     0xa  Code  Gb  Ticker.o [1]
void mbed::Callback<void ()>::generate<void (*)()>(void (*)() const &)::ops
                        0x1005b9a4     0xc  Data  Gb  Ticker.o [1]
vsnprintf               0x100493e9    0x3c  Code  Gb  vsnprint.o [3]
wait_ms                 0x1004c10d     0xe  Code  Gb  mbed_wait_api_rtos.o [1]
wait_us                 0x1004c11b     0x2  Code  Gb  mbed_wait_api_rtos.o [1]
wakeupFromSleepFlag     0x2000000c     0x1  Data  Gb  system_bluenrg1.o [1]
wakeupFromSleepFlag_block$$Base
                        0x2000000c           --   Gb  - Linker created -
wakeupFromSleepFlag_block$$Limit
                        0x20000010           --   Gb  - Linker created -


[1] = C:\Users\Gianluca\mbedOSdev\pv0\BUILD\Obj
[2] = command line
[3] = dl6M_tlf.a
[4] = dlpp6M_tl_fc.a
[5] = libbluenrg1_stack.a
[6] = m6M_tl.a
[7] = rt6M_tl.a

  110 934 bytes of readonly  code memory
    4 534 bytes of readonly  data memory
   23 883 bytes of readwrite data memory

Errors: none
Warnings: none
